2025-12-27T15:53:50.1850424Z Current runner version: '2.330.0'
2025-12-27T15:53:50.1874131Z ##[group]Runner Image Provisioner
2025-12-27T15:53:50.1875056Z Hosted Compute Agent
2025-12-27T15:53:50.1875599Z Version: 20251211.462
2025-12-27T15:53:50.1876215Z Commit: 6cbad8c2bb55d58165063d031ccabf57e2d2db61
2025-12-27T15:53:50.1876854Z Build Date: 2025-12-11T16:28:49Z
2025-12-27T15:53:50.1877591Z Worker ID: {dd661a14-06f7-44fe-89f4-5b2972506f6b}
2025-12-27T15:53:50.1878287Z ##[endgroup]
2025-12-27T15:53:50.1878761Z ##[group]Operating System
2025-12-27T15:53:50.1879389Z Ubuntu
2025-12-27T15:53:50.1879831Z 24.04.3
2025-12-27T15:53:50.1880437Z LTS
2025-12-27T15:53:50.1880945Z ##[endgroup]
2025-12-27T15:53:50.1881477Z ##[group]Runner Image
2025-12-27T15:53:50.1881992Z Image: ubuntu-24.04
2025-12-27T15:53:50.1882566Z Version: 20251215.174.1
2025-12-27T15:53:50.1883594Z Included Software: https://github.com/actions/runner-images/blob/ubuntu24/20251215.174/images/ubuntu/Ubuntu2404-Readme.md
2025-12-27T15:53:50.1885189Z Image Release: https://github.com/actions/runner-images/releases/tag/ubuntu24%2F20251215.174
2025-12-27T15:53:50.1886187Z ##[endgroup]
2025-12-27T15:53:50.1887278Z ##[group]GITHUB_TOKEN Permissions
2025-12-27T15:53:50.1889104Z Contents: read
2025-12-27T15:53:50.1889664Z Metadata: read
2025-12-27T15:53:50.1890616Z Packages: read
2025-12-27T15:53:50.1891204Z ##[endgroup]
2025-12-27T15:53:50.1893492Z Secret source: Actions
2025-12-27T15:53:50.1894269Z Prepare workflow directory
2025-12-27T15:53:50.2218779Z Prepare all required actions
2025-12-27T15:53:50.2256632Z Getting action download info
2025-12-27T15:53:50.6624020Z Download action repository 'actions/checkout@v4' (SHA:34e114876b0b11c390a56381ad16ebd13914f8d5)
2025-12-27T15:53:50.7757790Z Download action repository 'actions/upload-artifact@v4' (SHA:ea165f8d65b6e75b540449e92b4886f43607fa02)
2025-12-27T15:53:50.9973975Z Complete job name: Clang 18 - release
2025-12-27T15:53:51.0598164Z ##[group]Run actions/checkout@v4
2025-12-27T15:53:51.0599025Z with:
2025-12-27T15:53:51.0599455Z   repository: julian1c2a/int128
2025-12-27T15:53:51.0600400Z   token: ***
2025-12-27T15:53:51.0600806Z   ssh-strict: true
2025-12-27T15:53:51.0601195Z   ssh-user: git
2025-12-27T15:53:51.0601604Z   persist-credentials: true
2025-12-27T15:53:51.0602048Z   clean: true
2025-12-27T15:53:51.0602449Z   sparse-checkout-cone-mode: true
2025-12-27T15:53:51.0602917Z   fetch-depth: 1
2025-12-27T15:53:51.0603304Z   fetch-tags: false
2025-12-27T15:53:51.0603709Z   show-progress: true
2025-12-27T15:53:51.0604112Z   lfs: false
2025-12-27T15:53:51.0604481Z   submodules: false
2025-12-27T15:53:51.0604890Z   set-safe-directory: true
2025-12-27T15:53:51.0605670Z ##[endgroup]
2025-12-27T15:53:51.1708960Z Syncing repository: julian1c2a/int128
2025-12-27T15:53:51.1711235Z ##[group]Getting Git version info
2025-12-27T15:53:51.1711923Z Working directory is '/home/runner/work/int128/int128'
2025-12-27T15:53:51.1712874Z [command]/usr/bin/git version
2025-12-27T15:53:51.1785042Z git version 2.52.0
2025-12-27T15:53:51.1811369Z ##[endgroup]
2025-12-27T15:53:51.1824995Z Temporarily overriding HOME='/home/runner/work/_temp/0023d849-846a-4cbc-8758-f20e4a79e32f' before making global git config changes
2025-12-27T15:53:51.1827164Z Adding repository directory to the temporary git global config as a safe directory
2025-12-27T15:53:51.1837315Z [command]/usr/bin/git config --global --add safe.directory /home/runner/work/int128/int128
2025-12-27T15:53:51.1881173Z Deleting the contents of '/home/runner/work/int128/int128'
2025-12-27T15:53:51.1884793Z ##[group]Initializing the repository
2025-12-27T15:53:51.1888540Z [command]/usr/bin/git init /home/runner/work/int128/int128
2025-12-27T15:53:51.2012898Z hint: Using 'master' as the name for the initial branch. This default branch name
2025-12-27T15:53:51.2013929Z hint: will change to "main" in Git 3.0. To configure the initial branch name
2025-12-27T15:53:51.2014937Z hint: to use in all of your new repositories, which will suppress this warning,
2025-12-27T15:53:51.2015662Z hint: call:
2025-12-27T15:53:51.2016286Z hint:
2025-12-27T15:53:51.2016911Z hint: 	git config --global init.defaultBranch <name>
2025-12-27T15:53:51.2017842Z hint:
2025-12-27T15:53:51.2018780Z hint: Names commonly chosen instead of 'master' are 'main', 'trunk' and
2025-12-27T15:53:51.2020571Z hint: 'development'. The just-created branch can be renamed via this command:
2025-12-27T15:53:51.2021857Z hint:
2025-12-27T15:53:51.2022500Z hint: 	git branch -m <name>
2025-12-27T15:53:51.2023107Z hint:
2025-12-27T15:53:51.2023697Z hint: Disable this message with "git config set advice.defaultBranchName false"
2025-12-27T15:53:51.2024633Z Initialized empty Git repository in /home/runner/work/int128/int128/.git/
2025-12-27T15:53:51.2032740Z [command]/usr/bin/git remote add origin https://github.com/julian1c2a/int128
2025-12-27T15:53:51.2072076Z ##[endgroup]
2025-12-27T15:53:51.2072838Z ##[group]Disabling automatic garbage collection
2025-12-27T15:53:51.2076006Z [command]/usr/bin/git config --local gc.auto 0
2025-12-27T15:53:51.2103135Z ##[endgroup]
2025-12-27T15:53:51.2103824Z ##[group]Setting up auth
2025-12-27T15:53:51.2109562Z [command]/usr/bin/git config --local --name-only --get-regexp core\.sshCommand
2025-12-27T15:53:51.2138430Z [command]/usr/bin/git submodule foreach --recursive sh -c "git config --local --name-only --get-regexp 'core\.sshCommand' && git config --local --unset-all 'core.sshCommand' || :"
2025-12-27T15:53:51.2545203Z [command]/usr/bin/git config --local --name-only --get-regexp http\.https\:\/\/github\.com\/\.extraheader
2025-12-27T15:53:51.2580963Z [command]/usr/bin/git submodule foreach --recursive sh -c "git config --local --name-only --get-regexp 'http\.https\:\/\/github\.com\/\.extraheader' && git config --local --unset-all 'http.https://github.com/.extraheader' || :"
2025-12-27T15:53:51.2817101Z [command]/usr/bin/git config --local --name-only --get-regexp ^includeIf\.gitdir:
2025-12-27T15:53:51.2853276Z [command]/usr/bin/git submodule foreach --recursive git config --local --show-origin --name-only --get-regexp remote.origin.url
2025-12-27T15:53:51.3105816Z [command]/usr/bin/git config --local http.https://github.com/.extraheader AUTHORIZATION: basic ***
2025-12-27T15:53:51.3140267Z ##[endgroup]
2025-12-27T15:53:51.3141513Z ##[group]Fetching the repository
2025-12-27T15:53:51.3150115Z [command]/usr/bin/git -c protocol.version=2 fetch --no-tags --prune --no-recurse-submodules --depth=1 origin +8261dce72e5fcd7d11ef1e2d249cd719c56e3875:refs/remotes/origin/main
2025-12-27T15:53:51.8856971Z From https://github.com/julian1c2a/int128
2025-12-27T15:53:51.8858673Z  * [new ref]         8261dce72e5fcd7d11ef1e2d249cd719c56e3875 -> origin/main
2025-12-27T15:53:51.8890661Z ##[endgroup]
2025-12-27T15:53:51.8891869Z ##[group]Determining the checkout info
2025-12-27T15:53:51.8894036Z ##[endgroup]
2025-12-27T15:53:51.8898587Z [command]/usr/bin/git sparse-checkout disable
2025-12-27T15:53:51.8940227Z [command]/usr/bin/git config --local --unset-all extensions.worktreeConfig
2025-12-27T15:53:51.8967573Z ##[group]Checking out the ref
2025-12-27T15:53:51.8972936Z [command]/usr/bin/git checkout --progress --force -B main refs/remotes/origin/main
2025-12-27T15:53:51.9458575Z Switched to a new branch 'main'
2025-12-27T15:53:51.9459808Z branch 'main' set up to track 'origin/main'.
2025-12-27T15:53:51.9468187Z ##[endgroup]
2025-12-27T15:53:51.9505114Z [command]/usr/bin/git log -1 --format=%H
2025-12-27T15:53:51.9527389Z 8261dce72e5fcd7d11ef1e2d249cd719c56e3875
2025-12-27T15:53:51.9738883Z ##[group]Run wget -O - https://apt.llvm.org/llvm-snapshot.gpg.key | sudo apt-key add -
2025-12-27T15:53:51.9741441Z [36;1mwget -O - https://apt.llvm.org/llvm-snapshot.gpg.key | sudo apt-key add -[0m
2025-12-27T15:53:51.9743856Z [36;1msudo add-apt-repository "deb http://apt.llvm.org/noble/ llvm-toolchain-noble-18 main"[0m
2025-12-27T15:53:51.9745783Z [36;1msudo apt update[0m
2025-12-27T15:53:51.9746933Z [36;1msudo apt install -y clang-18[0m
2025-12-27T15:53:51.9748176Z [36;1mclang-18 --version[0m
2025-12-27T15:53:51.9785341Z shell: /usr/bin/bash -e {0}
2025-12-27T15:53:51.9786718Z ##[endgroup]
2025-12-27T15:53:51.9908608Z --2025-12-27 15:53:51--  https://apt.llvm.org/llvm-snapshot.gpg.key
2025-12-27T15:53:52.0183106Z Resolving apt.llvm.org (apt.llvm.org)... 151.101.42.49, 2a04:4e42:a::561
2025-12-27T15:53:52.0188332Z Connecting to apt.llvm.org (apt.llvm.org)|151.101.42.49|:443... connected.
2025-12-27T15:53:52.0259605Z HTTP request sent, awaiting response... 200 OK
2025-12-27T15:53:52.0262084Z Length: 3145 (3.1K) [application/octet-stream]
2025-12-27T15:53:52.0264277Z Saving to: ‘STDOUT’
2025-12-27T15:53:52.0265118Z 
2025-12-27T15:53:52.0265831Z      0K ...                                                   100% 88.7M=0s
2025-12-27T15:53:52.0267064Z 
2025-12-27T15:53:52.0267942Z 2025-12-27 15:53:52 (88.7 MB/s) - written to stdout [3145/3145]
2025-12-27T15:53:52.0269376Z 
2025-12-27T15:53:52.0504528Z Warning: apt-key is deprecated. Manage keyring files in trusted.gpg.d instead (see apt-key(8)).
2025-12-27T15:53:52.2630801Z OK
2025-12-27T15:53:52.9462511Z Get:1 file:/etc/apt/apt-mirrors.txt Mirrorlist [144 B]
2025-12-27T15:53:52.9776933Z Hit:7 https://packages.microsoft.com/repos/azure-cli noble InRelease
2025-12-27T15:53:52.9803310Z Get:8 https://packages.microsoft.com/ubuntu/24.04/prod noble InRelease [3600 B]
2025-12-27T15:53:53.0425297Z Hit:2 http://azure.archive.ubuntu.com/ubuntu noble InRelease
2025-12-27T15:53:53.0447512Z Get:3 http://azure.archive.ubuntu.com/ubuntu noble-updates InRelease [126 kB]
2025-12-27T15:53:53.0474825Z Get:4 http://azure.archive.ubuntu.com/ubuntu noble-backports InRelease [126 kB]
2025-12-27T15:53:53.0507967Z Get:5 http://azure.archive.ubuntu.com/ubuntu noble-security InRelease [126 kB]
2025-12-27T15:53:53.1120889Z Get:9 https://packages.microsoft.com/ubuntu/24.04/prod noble/main armhf Packages [11.4 kB]
2025-12-27T15:53:53.1233989Z Get:10 https://packages.microsoft.com/ubuntu/24.04/prod noble/main arm64 Packages [58.9 kB]
2025-12-27T15:53:53.1255887Z Get:11 https://packages.microsoft.com/ubuntu/24.04/prod noble/main amd64 Packages [77.4 kB]
2025-12-27T15:53:53.1476250Z Get:6 https://apt.llvm.org/noble llvm-toolchain-noble-18 InRelease [5554 B]
2025-12-27T15:53:53.1959170Z Get:12 http://azure.archive.ubuntu.com/ubuntu noble-updates/main amd64 Packages [1684 kB]
2025-12-27T15:53:53.2049109Z Get:13 http://azure.archive.ubuntu.com/ubuntu noble-updates/main Translation-en [311 kB]
2025-12-27T15:53:53.2077259Z Get:14 http://azure.archive.ubuntu.com/ubuntu noble-updates/main amd64 Components [175 kB]
2025-12-27T15:53:53.2100358Z Get:15 http://azure.archive.ubuntu.com/ubuntu noble-updates/main amd64 c-n-f Metadata [15.8 kB]
2025-12-27T15:53:53.2111800Z Get:16 http://azure.archive.ubuntu.com/ubuntu noble-updates/universe amd64 Packages [1506 kB]
2025-12-27T15:53:53.2205641Z Get:17 http://azure.archive.ubuntu.com/ubuntu noble-updates/universe Translation-en [306 kB]
2025-12-27T15:53:53.2237559Z Get:18 http://azure.archive.ubuntu.com/ubuntu noble-updates/universe amd64 Components [378 kB]
2025-12-27T15:53:53.2269709Z Get:19 http://azure.archive.ubuntu.com/ubuntu noble-updates/universe amd64 c-n-f Metadata [31.4 kB]
2025-12-27T15:53:53.2281233Z Get:20 http://azure.archive.ubuntu.com/ubuntu noble-updates/restricted amd64 Packages [2413 kB]
2025-12-27T15:53:53.2441479Z Get:21 http://azure.archive.ubuntu.com/ubuntu noble-updates/restricted Translation-en [550 kB]
2025-12-27T15:53:53.2911152Z Get:22 http://azure.archive.ubuntu.com/ubuntu noble-updates/restricted amd64 Components [212 B]
2025-12-27T15:53:53.2919406Z Get:23 http://azure.archive.ubuntu.com/ubuntu noble-updates/restricted amd64 c-n-f Metadata [516 B]
2025-12-27T15:53:53.2930426Z Get:24 http://azure.archive.ubuntu.com/ubuntu noble-updates/multiverse amd64 Packages [30.3 kB]
2025-12-27T15:53:53.2940791Z Get:25 http://azure.archive.ubuntu.com/ubuntu noble-updates/multiverse Translation-en [6048 B]
2025-12-27T15:53:53.2951078Z Get:26 http://azure.archive.ubuntu.com/ubuntu noble-updates/multiverse amd64 Components [940 B]
2025-12-27T15:53:53.2958129Z Get:27 http://azure.archive.ubuntu.com/ubuntu noble-updates/multiverse amd64 c-n-f Metadata [488 B]
2025-12-27T15:53:53.2968435Z Get:28 http://azure.archive.ubuntu.com/ubuntu noble-backports/main amd64 Packages [40.4 kB]
2025-12-27T15:53:53.3017502Z Get:29 http://azure.archive.ubuntu.com/ubuntu noble-backports/main amd64 Components [7288 B]
2025-12-27T15:53:53.3025008Z Get:30 http://azure.archive.ubuntu.com/ubuntu noble-backports/main amd64 c-n-f Metadata [368 B]
2025-12-27T15:53:53.3026131Z Get:31 http://azure.archive.ubuntu.com/ubuntu noble-backports/universe amd64 Packages [29.5 kB]
2025-12-27T15:53:53.3027521Z Get:32 http://azure.archive.ubuntu.com/ubuntu noble-backports/universe Translation-en [17.9 kB]
2025-12-27T15:53:53.3028763Z Get:33 http://azure.archive.ubuntu.com/ubuntu noble-backports/universe amd64 Components [10.5 kB]
2025-12-27T15:53:53.3037328Z Get:34 http://azure.archive.ubuntu.com/ubuntu noble-backports/universe amd64 c-n-f Metadata [1444 B]
2025-12-27T15:53:53.3049799Z Get:35 http://azure.archive.ubuntu.com/ubuntu noble-backports/restricted amd64 Components [216 B]
2025-12-27T15:53:53.3472260Z Get:36 http://azure.archive.ubuntu.com/ubuntu noble-backports/multiverse amd64 Components [212 B]
2025-12-27T15:53:53.3489450Z Get:37 http://azure.archive.ubuntu.com/ubuntu noble-security/main Translation-en [225 kB]
2025-12-27T15:53:53.3509146Z Get:38 http://azure.archive.ubuntu.com/ubuntu noble-security/main amd64 Components [21.5 kB]
2025-12-27T15:53:53.3518856Z Get:39 http://azure.archive.ubuntu.com/ubuntu noble-security/main amd64 c-n-f Metadata [9504 B]
2025-12-27T15:53:53.3534185Z Get:40 http://azure.archive.ubuntu.com/ubuntu noble-security/universe amd64 Components [71.4 kB]
2025-12-27T15:53:53.3544666Z Get:41 http://azure.archive.ubuntu.com/ubuntu noble-security/restricted amd64 Components [212 B]
2025-12-27T15:53:53.3553797Z Get:42 http://azure.archive.ubuntu.com/ubuntu noble-security/multiverse amd64 Components [212 B]
2025-12-27T15:53:53.4229181Z Get:43 https://apt.llvm.org/noble llvm-toolchain-noble-18/main amd64 Packages [12.6 kB]
2025-12-27T15:54:01.6709656Z Fetched 8393 kB in 1s (7419 kB/s)
2025-12-27T15:54:02.4357091Z Reading package lists...
2025-12-27T15:54:02.4442380Z W: http://apt.llvm.org/noble/dists/llvm-toolchain-noble-18/InRelease: Key is stored in legacy trusted.gpg keyring (/etc/apt/trusted.gpg), see the DEPRECATION section in apt-key(8) for details.
2025-12-27T15:54:02.4452887Z Repository: 'deb http://apt.llvm.org/noble/ llvm-toolchain-noble-18 main'
2025-12-27T15:54:02.4453827Z Description:
2025-12-27T15:54:02.4454234Z Archive for codename: llvm-toolchain-noble-18 components: main
2025-12-27T15:54:02.4454741Z More info: http://apt.llvm.org/noble/
2025-12-27T15:54:02.4455090Z Adding repository.
2025-12-27T15:54:02.4455623Z Adding deb entry to /etc/apt/sources.list.d/archive_uri-http_apt_llvm_org_noble_-noble.list
2025-12-27T15:54:02.4456513Z Adding disabled deb-src entry to /etc/apt/sources.list.d/archive_uri-http_apt_llvm_org_noble_-noble.list
2025-12-27T15:54:02.4845295Z 
2025-12-27T15:54:02.4845953Z WARNING: apt does not have a stable CLI interface. Use with caution in scripts.
2025-12-27T15:54:02.4846369Z 
2025-12-27T15:54:02.5387504Z Get:1 file:/etc/apt/apt-mirrors.txt Mirrorlist [144 B]
2025-12-27T15:54:02.5577797Z Hit:2 http://azure.archive.ubuntu.com/ubuntu noble InRelease
2025-12-27T15:54:02.5589622Z Hit:3 http://azure.archive.ubuntu.com/ubuntu noble-updates InRelease
2025-12-27T15:54:02.5599819Z Hit:4 http://azure.archive.ubuntu.com/ubuntu noble-backports InRelease
2025-12-27T15:54:02.5601174Z Hit:6 https://packages.microsoft.com/repos/azure-cli noble InRelease
2025-12-27T15:54:02.5608102Z Hit:5 http://azure.archive.ubuntu.com/ubuntu noble-security InRelease
2025-12-27T15:54:02.5619634Z Hit:7 https://packages.microsoft.com/ubuntu/24.04/prod noble InRelease
2025-12-27T15:54:02.7323325Z Hit:8 https://apt.llvm.org/noble llvm-toolchain-noble-18 InRelease
2025-12-27T15:54:03.8764602Z Reading package lists...
2025-12-27T15:54:04.0488869Z Building dependency tree...
2025-12-27T15:54:04.0495213Z Reading state information...
2025-12-27T15:54:04.0661622Z W: http://apt.llvm.org/noble/dists/llvm-toolchain-noble-18/InRelease: Key is stored in legacy trusted.gpg keyring (/etc/apt/trusted.gpg), see the DEPRECATION section in apt-key(8) for details.
2025-12-27T15:54:04.0663453Z 87 packages can be upgraded. Run 'apt list --upgradable' to see them.
2025-12-27T15:54:04.0778457Z 
2025-12-27T15:54:04.0779119Z WARNING: apt does not have a stable CLI interface. Use with caution in scripts.
2025-12-27T15:54:04.0779441Z 
2025-12-27T15:54:04.0920540Z Reading package lists...
2025-12-27T15:54:04.2946374Z Building dependency tree...
2025-12-27T15:54:04.2953135Z Reading state information...
2025-12-27T15:54:04.4594204Z The following additional packages will be installed:
2025-12-27T15:54:04.4594927Z   clang-format-18 clang-tidy-18 clang-tools-18 libclang-common-18-dev
2025-12-27T15:54:04.4599329Z   libclang-cpp18 libclang-rt-18-dev libclang1-18 liblldb-18 libllvm18 lld-18
2025-12-27T15:54:04.4600237Z   lldb-18 llvm-18 llvm-18-dev llvm-18-linker-tools llvm-18-runtime
2025-12-27T15:54:04.4601281Z   llvm-18-tools python3-lldb-18
2025-12-27T15:54:04.4607072Z Suggested packages:
2025-12-27T15:54:04.4607382Z   clang-18-doc wasi-libc llvm-18-doc
2025-12-27T15:54:04.5004143Z The following packages will be upgraded:
2025-12-27T15:54:04.5005036Z   clang-18 clang-format-18 clang-tidy-18 clang-tools-18 libclang-common-18-dev
2025-12-27T15:54:04.5009251Z   libclang-cpp18 libclang-rt-18-dev libclang1-18 liblldb-18 libllvm18 lld-18
2025-12-27T15:54:04.5010160Z   lldb-18 llvm-18 llvm-18-dev llvm-18-linker-tools llvm-18-runtime
2025-12-27T15:54:04.5010770Z   llvm-18-tools python3-lldb-18
2025-12-27T15:54:04.5229123Z 18 upgraded, 0 newly installed, 0 to remove and 69 not upgraded.
2025-12-27T15:54:04.7766211Z Need to get 148 MB of archives.
2025-12-27T15:54:04.7766689Z After this operation, 1255 kB of additional disk space will be used.
2025-12-27T15:54:04.7767561Z Get:1 https://apt.llvm.org/noble llvm-toolchain-noble-18/main amd64 python3-lldb-18 amd64 1:18.1.8~++20240731025043+3b5b5c1ec4a3-1~exp1~20240731145144.92 [152 kB]
2025-12-27T15:54:04.7904173Z Get:2 https://apt.llvm.org/noble llvm-toolchain-noble-18/main amd64 liblldb-18 amd64 1:18.1.8~++20240731025043+3b5b5c1ec4a3-1~exp1~20240731145144.92 [4283 kB]
2025-12-27T15:54:04.8258779Z Get:3 https://apt.llvm.org/noble llvm-toolchain-noble-18/main amd64 lldb-18 amd64 1:18.1.8~++20240731025043+3b5b5c1ec4a3-1~exp1~20240731145144.92 [1262 kB]
2025-12-27T15:54:04.8371870Z Get:4 https://apt.llvm.org/noble llvm-toolchain-noble-18/main amd64 lld-18 amd64 1:18.1.8~++20240731025043+3b5b5c1ec4a3-1~exp1~20240731145144.92 [1410 kB]
2025-12-27T15:54:04.8536157Z Get:5 https://apt.llvm.org/noble llvm-toolchain-noble-18/main amd64 clang-tools-18 amd64 1:18.1.8~++20240731025043+3b5b5c1ec4a3-1~exp1~20240731145144.92 [9124 kB]
2025-12-27T15:54:04.9162456Z Get:6 https://apt.llvm.org/noble llvm-toolchain-noble-18/main amd64 clang-18 amd64 1:18.1.8~++20240731025043+3b5b5c1ec4a3-1~exp1~20240731145144.92 [119 kB]
2025-12-27T15:54:04.9235227Z Get:7 https://apt.llvm.org/noble llvm-toolchain-noble-18/main amd64 clang-tidy-18 amd64 1:18.1.8~++20240731025043+3b5b5c1ec4a3-1~exp1~20240731145144.92 [5002 kB]
2025-12-27T15:54:04.9719523Z Get:8 https://apt.llvm.org/noble llvm-toolchain-noble-18/main amd64 libclang-common-18-dev amd64 1:18.1.8~++20240731025043+3b5b5c1ec4a3-1~exp1~20240731145144.92 [739 kB]
2025-12-27T15:54:04.9804593Z Get:9 https://apt.llvm.org/noble llvm-toolchain-noble-18/main amd64 clang-format-18 amd64 1:18.1.8~++20240731025043+3b5b5c1ec4a3-1~exp1~20240731145144.92 [93.4 kB]
2025-12-27T15:54:04.9843892Z Get:10 https://apt.llvm.org/noble llvm-toolchain-noble-18/main amd64 llvm-18-dev amd64 1:18.1.8~++20240731025043+3b5b5c1ec4a3-1~exp1~20240731145144.92 [45.4 MB]
2025-12-27T15:54:05.2931596Z Get:11 https://apt.llvm.org/noble llvm-toolchain-noble-18/main amd64 libclang-cpp18 amd64 1:18.1.8~++20240731025043+3b5b5c1ec4a3-1~exp1~20240731145144.92 [13.6 MB]
2025-12-27T15:54:05.3838311Z Get:12 https://apt.llvm.org/noble llvm-toolchain-noble-18/main amd64 libllvm18 amd64 1:18.1.8~++20240731025043+3b5b5c1ec4a3-1~exp1~20240731145144.92 [27.5 MB]
2025-12-27T15:54:05.5647806Z Get:13 https://apt.llvm.org/noble llvm-toolchain-noble-18/main amd64 llvm-18 amd64 1:18.1.8~++20240731025043+3b5b5c1ec4a3-1~exp1~20240731145144.92 [25.3 MB]
2025-12-27T15:54:05.7361835Z Get:14 https://apt.llvm.org/noble llvm-toolchain-noble-18/main amd64 llvm-18-runtime amd64 1:18.1.8~++20240731025043+3b5b5c1ec4a3-1~exp1~20240731145144.92 [578 kB]
2025-12-27T15:54:05.7431735Z Get:15 https://apt.llvm.org/noble llvm-toolchain-noble-18/main amd64 llvm-18-linker-tools amd64 1:18.1.8~++20240731025043+3b5b5c1ec4a3-1~exp1~20240731145144.92 [1353 kB]
2025-12-27T15:54:05.7556384Z Get:16 https://apt.llvm.org/noble llvm-toolchain-noble-18/main amd64 llvm-18-tools amd64 1:18.1.8~++20240731025043+3b5b5c1ec4a3-1~exp1~20240731145144.92 [537 kB]
2025-12-27T15:54:05.7684665Z Get:17 https://apt.llvm.org/noble llvm-toolchain-noble-18/main amd64 libclang1-18 amd64 1:18.1.8~++20240731025043+3b5b5c1ec4a3-1~exp1~20240731145144.92 [7838 kB]
2025-12-27T15:54:05.8242748Z Get:18 https://apt.llvm.org/noble llvm-toolchain-noble-18/main amd64 libclang-rt-18-dev amd64 1:18.1.8~++20240731025043+3b5b5c1ec4a3-1~exp1~20240731145144.92 [3762 kB]
2025-12-27T15:54:06.1162803Z Fetched 148 MB in 1s (113 MB/s)
2025-12-27T15:54:06.1730098Z (Reading database ... 
2025-12-27T15:54:06.1730535Z (Reading database ... 5%
2025-12-27T15:54:06.1730970Z (Reading database ... 10%
2025-12-27T15:54:06.1731344Z (Reading database ... 15%
2025-12-27T15:54:06.1731709Z (Reading database ... 20%
2025-12-27T15:54:06.1732063Z (Reading database ... 25%
2025-12-27T15:54:06.1732305Z (Reading database ... 30%
2025-12-27T15:54:06.1732528Z (Reading database ... 35%
2025-12-27T15:54:06.1732763Z (Reading database ... 40%
2025-12-27T15:54:06.1732984Z (Reading database ... 45%
2025-12-27T15:54:06.1733229Z (Reading database ... 50%
2025-12-27T15:54:06.1860363Z (Reading database ... 55%
2025-12-27T15:54:06.3066283Z (Reading database ... 60%
2025-12-27T15:54:06.3939762Z (Reading database ... 65%
2025-12-27T15:54:06.4461562Z (Reading database ... 70%
2025-12-27T15:54:06.5383896Z (Reading database ... 75%
2025-12-27T15:54:06.6701968Z (Reading database ... 80%
2025-12-27T15:54:06.8070417Z (Reading database ... 85%
2025-12-27T15:54:06.9868856Z (Reading database ... 90%
2025-12-27T15:54:07.0790841Z (Reading database ... 95%
2025-12-27T15:54:07.0791301Z (Reading database ... 100%
2025-12-27T15:54:07.0791758Z (Reading database ... 217374 files and directories currently installed.)
2025-12-27T15:54:07.0836853Z Preparing to unpack .../00-python3-lldb-18_1%3a18.1.8~++20240731025043+3b5b5c1ec4a3-1~exp1~20240731145144.92_amd64.deb ...
2025-12-27T15:54:07.0884542Z Unpacking python3-lldb-18 (1:18.1.8~++20240731025043+3b5b5c1ec4a3-1~exp1~20240731145144.92) over (1:18.1.3-1ubuntu1) ...
2025-12-27T15:54:07.1662607Z Preparing to unpack .../01-liblldb-18_1%3a18.1.8~++20240731025043+3b5b5c1ec4a3-1~exp1~20240731145144.92_amd64.deb ...
2025-12-27T15:54:07.1770713Z Unpacking liblldb-18 (1:18.1.8~++20240731025043+3b5b5c1ec4a3-1~exp1~20240731145144.92) over (1:18.1.3-1ubuntu1) ...
2025-12-27T15:54:07.2875550Z Preparing to unpack .../02-lldb-18_1%3a18.1.8~++20240731025043+3b5b5c1ec4a3-1~exp1~20240731145144.92_amd64.deb ...
2025-12-27T15:54:07.2912367Z Unpacking lldb-18 (1:18.1.8~++20240731025043+3b5b5c1ec4a3-1~exp1~20240731145144.92) over (1:18.1.3-1ubuntu1) ...
2025-12-27T15:54:07.3508168Z Preparing to unpack .../03-lld-18_1%3a18.1.8~++20240731025043+3b5b5c1ec4a3-1~exp1~20240731145144.92_amd64.deb ...
2025-12-27T15:54:07.3551954Z Unpacking lld-18 (1:18.1.8~++20240731025043+3b5b5c1ec4a3-1~exp1~20240731145144.92) over (1:18.1.3-1ubuntu1) ...
2025-12-27T15:54:07.4151610Z Preparing to unpack .../04-clang-tools-18_1%3a18.1.8~++20240731025043+3b5b5c1ec4a3-1~exp1~20240731145144.92_amd64.deb ...
2025-12-27T15:54:07.4182201Z Unpacking clang-tools-18 (1:18.1.8~++20240731025043+3b5b5c1ec4a3-1~exp1~20240731145144.92) over (1:18.1.3-1ubuntu1) ...
2025-12-27T15:54:07.6282678Z Preparing to unpack .../05-clang-18_1%3a18.1.8~++20240731025043+3b5b5c1ec4a3-1~exp1~20240731145144.92_amd64.deb ...
2025-12-27T15:54:07.6314680Z Unpacking clang-18 (1:18.1.8~++20240731025043+3b5b5c1ec4a3-1~exp1~20240731145144.92) over (1:18.1.3-1ubuntu1) ...
2025-12-27T15:54:07.6774801Z Preparing to unpack .../06-clang-tidy-18_1%3a18.1.8~++20240731025043+3b5b5c1ec4a3-1~exp1~20240731145144.92_amd64.deb ...
2025-12-27T15:54:07.6806940Z Unpacking clang-tidy-18 (1:18.1.8~++20240731025043+3b5b5c1ec4a3-1~exp1~20240731145144.92) over (1:18.1.3-1ubuntu1) ...
2025-12-27T15:54:07.8114601Z Preparing to unpack .../07-libclang-common-18-dev_1%3a18.1.8~++20240731025043+3b5b5c1ec4a3-1~exp1~20240731145144.92_amd64.deb ...
2025-12-27T15:54:07.8146259Z Unpacking libclang-common-18-dev:amd64 (1:18.1.8~++20240731025043+3b5b5c1ec4a3-1~exp1~20240731145144.92) over (1:18.1.3-1ubuntu1) ...
2025-12-27T15:54:07.9605149Z Preparing to unpack .../08-clang-format-18_1%3a18.1.8~++20240731025043+3b5b5c1ec4a3-1~exp1~20240731145144.92_amd64.deb ...
2025-12-27T15:54:07.9637709Z Unpacking clang-format-18 (1:18.1.8~++20240731025043+3b5b5c1ec4a3-1~exp1~20240731145144.92) over (1:18.1.3-1ubuntu1) ...
2025-12-27T15:54:08.0103884Z Preparing to unpack .../09-llvm-18-dev_1%3a18.1.8~++20240731025043+3b5b5c1ec4a3-1~exp1~20240731145144.92_amd64.deb ...
2025-12-27T15:54:08.0223477Z Unpacking llvm-18-dev (1:18.1.8~++20240731025043+3b5b5c1ec4a3-1~exp1~20240731145144.92) over (1:18.1.3-1ubuntu1) ...
2025-12-27T15:54:09.5231344Z Preparing to unpack .../10-libclang-cpp18_1%3a18.1.8~++20240731025043+3b5b5c1ec4a3-1~exp1~20240731145144.92_amd64.deb ...
2025-12-27T15:54:09.5341800Z Unpacking libclang-cpp18 (1:18.1.8~++20240731025043+3b5b5c1ec4a3-1~exp1~20240731145144.92) over (1:18.1.3-1ubuntu1) ...
2025-12-27T15:54:09.7925121Z Preparing to unpack .../11-libllvm18_1%3a18.1.8~++20240731025043+3b5b5c1ec4a3-1~exp1~20240731145144.92_amd64.deb ...
2025-12-27T15:54:09.8032427Z Unpacking libllvm18:amd64 (1:18.1.8~++20240731025043+3b5b5c1ec4a3-1~exp1~20240731145144.92) over (1:18.1.3-1ubuntu1) ...
2025-12-27T15:54:10.2594976Z Preparing to unpack .../12-llvm-18_1%3a18.1.8~++20240731025043+3b5b5c1ec4a3-1~exp1~20240731145144.92_amd64.deb ...
2025-12-27T15:54:10.2634467Z Unpacking llvm-18 (1:18.1.8~++20240731025043+3b5b5c1ec4a3-1~exp1~20240731145144.92) over (1:18.1.3-1ubuntu1) ...
2025-12-27T15:54:10.7530181Z Preparing to unpack .../13-llvm-18-runtime_1%3a18.1.8~++20240731025043+3b5b5c1ec4a3-1~exp1~20240731145144.92_amd64.deb ...
2025-12-27T15:54:10.7587072Z Unpacking llvm-18-runtime (1:18.1.8~++20240731025043+3b5b5c1ec4a3-1~exp1~20240731145144.92) over (1:18.1.3-1ubuntu1) ...
2025-12-27T15:54:10.8070527Z Preparing to unpack .../14-llvm-18-linker-tools_1%3a18.1.8~++20240731025043+3b5b5c1ec4a3-1~exp1~20240731145144.92_amd64.deb ...
2025-12-27T15:54:10.8153439Z Unpacking llvm-18-linker-tools (1:18.1.8~++20240731025043+3b5b5c1ec4a3-1~exp1~20240731145144.92) over (1:18.1.3-1ubuntu1) ...
2025-12-27T15:54:10.8702562Z Preparing to unpack .../15-llvm-18-tools_1%3a18.1.8~++20240731025043+3b5b5c1ec4a3-1~exp1~20240731145144.92_amd64.deb ...
2025-12-27T15:54:10.8728445Z Unpacking llvm-18-tools (1:18.1.8~++20240731025043+3b5b5c1ec4a3-1~exp1~20240731145144.92) over (1:18.1.3-1ubuntu1) ...
2025-12-27T15:54:11.0944849Z Preparing to unpack .../16-libclang1-18_1%3a18.1.8~++20240731025043+3b5b5c1ec4a3-1~exp1~20240731145144.92_amd64.deb ...
2025-12-27T15:54:11.1032227Z Unpacking libclang1-18 (1:18.1.8~++20240731025043+3b5b5c1ec4a3-1~exp1~20240731145144.92) over (1:18.1.3-1ubuntu1) ...
2025-12-27T15:54:11.2711199Z Preparing to unpack .../17-libclang-rt-18-dev_1%3a18.1.8~++20240731025043+3b5b5c1ec4a3-1~exp1~20240731145144.92_amd64.deb ...
2025-12-27T15:54:11.2736225Z Unpacking libclang-rt-18-dev:amd64 (1:18.1.8~++20240731025043+3b5b5c1ec4a3-1~exp1~20240731145144.92) over (1:18.1.3-1ubuntu1) ...
2025-12-27T15:54:11.4674547Z Setting up llvm-18-tools (1:18.1.8~++20240731025043+3b5b5c1ec4a3-1~exp1~20240731145144.92) ...
2025-12-27T15:54:11.4701312Z Setting up libclang-common-18-dev:amd64 (1:18.1.8~++20240731025043+3b5b5c1ec4a3-1~exp1~20240731145144.92) ...
2025-12-27T15:54:11.4724122Z Setting up libclang-rt-18-dev:amd64 (1:18.1.8~++20240731025043+3b5b5c1ec4a3-1~exp1~20240731145144.92) ...
2025-12-27T15:54:11.4747777Z Setting up libllvm18:amd64 (1:18.1.8~++20240731025043+3b5b5c1ec4a3-1~exp1~20240731145144.92) ...
2025-12-27T15:54:11.4771720Z Setting up libclang1-18 (1:18.1.8~++20240731025043+3b5b5c1ec4a3-1~exp1~20240731145144.92) ...
2025-12-27T15:54:11.4798503Z Setting up llvm-18-linker-tools (1:18.1.8~++20240731025043+3b5b5c1ec4a3-1~exp1~20240731145144.92) ...
2025-12-27T15:54:11.4821977Z Setting up llvm-18-runtime (1:18.1.8~++20240731025043+3b5b5c1ec4a3-1~exp1~20240731145144.92) ...
2025-12-27T15:54:11.4873876Z Setting up libclang-cpp18 (1:18.1.8~++20240731025043+3b5b5c1ec4a3-1~exp1~20240731145144.92) ...
2025-12-27T15:54:11.4894117Z Setting up lld-18 (1:18.1.8~++20240731025043+3b5b5c1ec4a3-1~exp1~20240731145144.92) ...
2025-12-27T15:54:11.4921149Z Setting up clang-format-18 (1:18.1.8~++20240731025043+3b5b5c1ec4a3-1~exp1~20240731145144.92) ...
2025-12-27T15:54:11.4943575Z Setting up liblldb-18 (1:18.1.8~++20240731025043+3b5b5c1ec4a3-1~exp1~20240731145144.92) ...
2025-12-27T15:54:11.4966079Z Setting up clang-18 (1:18.1.8~++20240731025043+3b5b5c1ec4a3-1~exp1~20240731145144.92) ...
2025-12-27T15:54:11.4989407Z Setting up clang-tools-18 (1:18.1.8~++20240731025043+3b5b5c1ec4a3-1~exp1~20240731145144.92) ...
2025-12-27T15:54:11.5014105Z Setting up clang-tidy-18 (1:18.1.8~++20240731025043+3b5b5c1ec4a3-1~exp1~20240731145144.92) ...
2025-12-27T15:54:11.5040925Z Setting up llvm-18 (1:18.1.8~++20240731025043+3b5b5c1ec4a3-1~exp1~20240731145144.92) ...
2025-12-27T15:54:11.5063247Z Setting up python3-lldb-18 (1:18.1.8~++20240731025043+3b5b5c1ec4a3-1~exp1~20240731145144.92) ...
2025-12-27T15:54:11.5085099Z Setting up llvm-18-dev (1:18.1.8~++20240731025043+3b5b5c1ec4a3-1~exp1~20240731145144.92) ...
2025-12-27T15:54:11.5110520Z Setting up lldb-18 (1:18.1.8~++20240731025043+3b5b5c1ec4a3-1~exp1~20240731145144.92) ...
2025-12-27T15:54:11.5248866Z Processing triggers for systemd (255.4-1ubuntu8.11) ...
2025-12-27T15:54:11.5652210Z Processing triggers for man-db (2.12.0-4build2) ...
2025-12-27T15:54:11.5682152Z Not building database; man-db/auto-update is not 'true'.
2025-12-27T15:54:11.5695894Z Processing triggers for libc-bin (2.39-0ubuntu8.6) ...
2025-12-27T15:54:12.3500675Z 
2025-12-27T15:54:12.3501111Z Running kernel seems to be up-to-date.
2025-12-27T15:54:12.3501546Z 
2025-12-27T15:54:12.3501679Z No services need to be restarted.
2025-12-27T15:54:12.3501885Z 
2025-12-27T15:54:12.3502004Z No containers need to be restarted.
2025-12-27T15:54:12.3502210Z 
2025-12-27T15:54:12.3502354Z No user sessions are running outdated binaries.
2025-12-27T15:54:12.3502604Z 
2025-12-27T15:54:12.3502832Z No VM guests are running outdated hypervisor (qemu) binaries on this host.
2025-12-27T15:54:13.3711779Z Ubuntu clang version 18.1.8 (++20240731025043+3b5b5c1ec4a3-1~exp1~20240731145144.92)
2025-12-27T15:54:13.3712337Z Target: x86_64-pc-linux-gnu
2025-12-27T15:54:13.3712590Z Thread model: posix
2025-12-27T15:54:13.3712820Z InstalledDir: /usr/bin
2025-12-27T15:54:13.3849216Z ##[group]Run export CC=clang-18
2025-12-27T15:54:13.3849671Z [36;1mexport CC=clang-18[0m
2025-12-27T15:54:13.3850277Z [36;1mexport CXX=clang++-18[0m
2025-12-27T15:54:13.3850706Z [36;1mchmod +x scripts/build_extracted_tests.bash[0m
2025-12-27T15:54:13.3851269Z [36;1m./scripts/build_extracted_tests.bash clang release[0m
2025-12-27T15:54:13.3887406Z shell: /usr/bin/bash -e {0}
2025-12-27T15:54:13.3887626Z ##[endgroup]
2025-12-27T15:54:13.3970419Z ================================
2025-12-27T15:54:13.3970830Z Building Extracted Tests
2025-12-27T15:54:13.3971164Z Compiler: clang
2025-12-27T15:54:13.3971435Z Build Type: release
2025-12-27T15:54:13.3971644Z ================================
2025-12-27T15:54:13.4006599Z Using compiler: clang++-18
2025-12-27T15:54:13.4006975Z Optimization flags: -O3 -DNDEBUG
2025-12-27T15:54:13.4007169Z 
2025-12-27T15:54:13.4008237Z Found 27 test files
2025-12-27T15:54:13.4008436Z 
2025-12-27T15:54:13.4022574Z Compiling: int128_algorithm_extracted_tests...
2025-12-27T15:54:15.9001539Z   [FAIL] Failed
2025-12-27T15:54:15.9001912Z   === Error log (first 30 lines) ===
2025-12-27T15:54:15.9012566Z In file included from tests/int128_algorithm_extracted_tests.cpp:6:
2025-12-27T15:54:15.9013153Z In file included from include/int128/int128_algorithm.hpp:30:
2025-12-27T15:54:15.9013694Z In file included from include/int128/int128_cmath.hpp:3:
2025-12-27T15:54:15.9014184Z In file included from include/int128/int128_t.hpp:30:
2025-12-27T15:54:15.9015054Z include/int128/../uint128/uint128_t.hpp:521:26: error: constexpr function never produces a constant expression [-Winvalid-constexpr]
2025-12-27T15:54:15.9016015Z   521 |     constexpr uint128_t& operator+=(const uint128_t& other) noexcept
2025-12-27T15:54:15.9016547Z       |                          ^~~~~~~~~~
2025-12-27T15:54:15.9017049Z include/int128/../uint128/uint128_t.hpp:545:19: note: subexpression not valid in a constant expression
2025-12-27T15:54:15.9017555Z   545 |         data[0] = __builtin_addcll(data[0], other.data[0], 0, &carry);
2025-12-27T15:54:15.9017860Z       |                   ^~~~~~~~~~~~~~~~
2025-12-27T15:54:15.9018373Z include/int128/../uint128/uint128_t.hpp:590:26: error: constexpr function never produces a constant expression [-Winvalid-constexpr]
2025-12-27T15:54:15.9018984Z   590 |     constexpr uint128_t& operator-=(const uint128_t& other) noexcept
2025-12-27T15:54:15.9019302Z       |                          ^~~~~~~~~~
2025-12-27T15:54:15.9019702Z include/int128/../uint128/uint128_t.hpp:614:19: note: subexpression not valid in a constant expression
2025-12-27T15:54:15.9020641Z   614 |         data[0] = __builtin_subcll(data[0], other.data[0], 0, &borrow);
2025-12-27T15:54:15.9020941Z       |                   ^~~~~~~~~~~~~~~~
2025-12-27T15:54:15.9021342Z tests/int128_algorithm_extracted_tests.cpp:48:10: warning: unused variable 'it' [-Wunused-variable]
2025-12-27T15:54:15.9021752Z    48 |     auto it =
2025-12-27T15:54:15.9021921Z       |          ^~
2025-12-27T15:54:15.9022287Z tests/int128_algorithm_extracted_tests.cpp:53:10: warning: unused variable 'it2' [-Wunused-variable]
2025-12-27T15:54:15.9022695Z    53 |     auto it2 =
2025-12-27T15:54:15.9022871Z       |          ^~~
2025-12-27T15:54:15.9023233Z tests/int128_algorithm_extracted_tests.cpp:58:10: warning: unused variable 'it3' [-Wunused-variable]
2025-12-27T15:54:15.9023635Z    58 |     auto it3 =
2025-12-27T15:54:15.9023807Z       |          ^~~
2025-12-27T15:54:15.9024172Z tests/int128_algorithm_extracted_tests.cpp:119:10: warning: unused variable 'sum' [-Wunused-variable]
2025-12-27T15:54:15.9024891Z   119 |     auto sum = accumulate_int128(vec.begin(), vec.end(), int128_t(100), std::plus<int128_t>());
2025-12-27T15:54:15.9025251Z       |          ^~~
2025-12-27T15:54:15.9025606Z tests/int128_algorithm_extracted_tests.cpp:124:10: warning: unused variable 'product' [-Wunused-variable]
2025-12-27T15:54:15.9026021Z   124 |     auto product =
2025-12-27T15:54:15.9026210Z   ===================================
2025-12-27T15:54:15.9027111Z Compiling: int128_bits_extracted_tests...
2025-12-27T15:54:17.2703392Z   [FAIL] Failed
2025-12-27T15:54:17.2703762Z   === Error log (first 30 lines) ===
2025-12-27T15:54:17.2714113Z In file included from tests/int128_bits_extracted_tests.cpp:6:
2025-12-27T15:54:17.2714687Z In file included from include/int128/int128_bits.hpp:5:
2025-12-27T15:54:17.2715073Z In file included from include/int128/int128_t.hpp:30:
2025-12-27T15:54:17.2715871Z include/int128/../uint128/uint128_t.hpp:521:26: error: constexpr function never produces a constant expression [-Winvalid-constexpr]
2025-12-27T15:54:17.2716655Z   521 |     constexpr uint128_t& operator+=(const uint128_t& other) noexcept
2025-12-27T15:54:17.2716978Z       |                          ^~~~~~~~~~
2025-12-27T15:54:17.2717390Z include/int128/../uint128/uint128_t.hpp:545:19: note: subexpression not valid in a constant expression
2025-12-27T15:54:17.2717865Z   545 |         data[0] = __builtin_addcll(data[0], other.data[0], 0, &carry);
2025-12-27T15:54:17.2718452Z       |                   ^~~~~~~~~~~~~~~~
2025-12-27T15:54:17.2718955Z include/int128/../uint128/uint128_t.hpp:590:26: error: constexpr function never produces a constant expression [-Winvalid-constexpr]
2025-12-27T15:54:17.2719543Z   590 |     constexpr uint128_t& operator-=(const uint128_t& other) noexcept
2025-12-27T15:54:17.2720043Z       |                          ^~~~~~~~~~
2025-12-27T15:54:17.2720481Z include/int128/../uint128/uint128_t.hpp:614:19: note: subexpression not valid in a constant expression
2025-12-27T15:54:17.2720988Z   614 |         data[0] = __builtin_subcll(data[0], other.data[0], 0, &borrow);
2025-12-27T15:54:17.2721306Z       |                   ^~~~~~~~~~~~~~~~
2025-12-27T15:54:17.2721533Z 2 errors generated.
2025-12-27T15:54:17.2721717Z   ===================================
2025-12-27T15:54:17.2728679Z Compiling: int128_cmath_extracted_tests...
2025-12-27T15:54:18.8740725Z   [FAIL] Failed
2025-12-27T15:54:18.8741176Z   === Error log (first 30 lines) ===
2025-12-27T15:54:18.8750946Z In file included from tests/int128_cmath_extracted_tests.cpp:5:
2025-12-27T15:54:18.8751611Z In file included from include/int128/int128_cmath.hpp:3:
2025-12-27T15:54:18.8752179Z In file included from include/int128/int128_t.hpp:30:
2025-12-27T15:54:18.8753199Z include/int128/../uint128/uint128_t.hpp:521:26: error: constexpr function never produces a constant expression [-Winvalid-constexpr]
2025-12-27T15:54:18.8754295Z   521 |     constexpr uint128_t& operator+=(const uint128_t& other) noexcept
2025-12-27T15:54:18.8754883Z       |                          ^~~~~~~~~~
2025-12-27T15:54:18.8755622Z include/int128/../uint128/uint128_t.hpp:545:19: note: subexpression not valid in a constant expression
2025-12-27T15:54:18.8756189Z   545 |         data[0] = __builtin_addcll(data[0], other.data[0], 0, &carry);
2025-12-27T15:54:18.8756569Z       |                   ^~~~~~~~~~~~~~~~
2025-12-27T15:54:18.8757187Z include/int128/../uint128/uint128_t.hpp:590:26: error: constexpr function never produces a constant expression [-Winvalid-constexpr]
2025-12-27T15:54:18.8757909Z   590 |     constexpr uint128_t& operator-=(const uint128_t& other) noexcept
2025-12-27T15:54:18.8758282Z       |                          ^~~~~~~~~~
2025-12-27T15:54:18.8758759Z include/int128/../uint128/uint128_t.hpp:614:19: note: subexpression not valid in a constant expression
2025-12-27T15:54:18.8759325Z   614 |         data[0] = __builtin_subcll(data[0], other.data[0], 0, &borrow);
2025-12-27T15:54:18.8759669Z       |                   ^~~~~~~~~~~~~~~~
2025-12-27T15:54:18.8760484Z tests/int128_cmath_extracted_tests.cpp:394:9: warning: variable 'prev_total' set but not used [-Wunused-but-set-variable]
2025-12-27T15:54:18.8761068Z   394 |     int prev_total = total_tests;
2025-12-27T15:54:18.8761311Z       |         ^
2025-12-27T15:54:18.8761510Z 1 warning and 2 errors generated.
2025-12-27T15:54:18.8761736Z   ===================================
2025-12-27T15:54:18.8765994Z Compiling: int128_concepts_extracted_tests...
2025-12-27T15:54:20.1883305Z   [FAIL] Failed
2025-12-27T15:54:20.1883600Z   === Error log (first 30 lines) ===
2025-12-27T15:54:20.1893332Z In file included from tests/int128_concepts_extracted_tests.cpp:6:
2025-12-27T15:54:20.1894000Z In file included from tests/../include/int128/int128_concepts.hpp:30:
2025-12-27T15:54:20.1894621Z In file included from tests/../include/int128/int128_t.hpp:30:
2025-12-27T15:54:20.1895621Z tests/../include/int128/../uint128/uint128_t.hpp:521:26: error: constexpr function never produces a constant expression [-Winvalid-constexpr]
2025-12-27T15:54:20.1896666Z   521 |     constexpr uint128_t& operator+=(const uint128_t& other) noexcept
2025-12-27T15:54:20.1897196Z       |                          ^~~~~~~~~~
2025-12-27T15:54:20.1897787Z tests/../include/int128/../uint128/uint128_t.hpp:545:19: note: subexpression not valid in a constant expression
2025-12-27T15:54:20.1898293Z   545 |         data[0] = __builtin_addcll(data[0], other.data[0], 0, &carry);
2025-12-27T15:54:20.1898775Z       |                   ^~~~~~~~~~~~~~~~
2025-12-27T15:54:20.1899302Z tests/../include/int128/../uint128/uint128_t.hpp:590:26: error: constexpr function never produces a constant expression [-Winvalid-constexpr]
2025-12-27T15:54:20.1900114Z   590 |     constexpr uint128_t& operator-=(const uint128_t& other) noexcept
2025-12-27T15:54:20.1900452Z       |                          ^~~~~~~~~~
2025-12-27T15:54:20.1900889Z tests/../include/int128/../uint128/uint128_t.hpp:614:19: note: subexpression not valid in a constant expression
2025-12-27T15:54:20.1901405Z   614 |         data[0] = __builtin_subcll(data[0], other.data[0], 0, &borrow);
2025-12-27T15:54:20.1901700Z       |                   ^~~~~~~~~~~~~~~~
2025-12-27T15:54:20.1901915Z 2 errors generated.
2025-12-27T15:54:20.1902093Z   ===================================
2025-12-27T15:54:20.1907293Z Compiling: int128_format_extracted_tests...
2025-12-27T15:54:21.4388204Z   [FAIL] Failed
2025-12-27T15:54:21.4388586Z   === Error log (first 30 lines) ===
2025-12-27T15:54:21.4399457Z In file included from tests/int128_format_extracted_tests.cpp:1:
2025-12-27T15:54:21.4400267Z In file included from include/int128/int128_format.hpp:30:
2025-12-27T15:54:21.4400671Z In file included from include/int128/int128_t.hpp:30:
2025-12-27T15:54:21.4401635Z include/int128/../uint128/uint128_t.hpp:521:26: error: constexpr function never produces a constant expression [-Winvalid-constexpr]
2025-12-27T15:54:21.4402368Z   521 |     constexpr uint128_t& operator+=(const uint128_t& other) noexcept
2025-12-27T15:54:21.4402734Z       |                          ^~~~~~~~~~
2025-12-27T15:54:21.4403197Z include/int128/../uint128/uint128_t.hpp:545:19: note: subexpression not valid in a constant expression
2025-12-27T15:54:21.4403736Z   545 |         data[0] = __builtin_addcll(data[0], other.data[0], 0, &carry);
2025-12-27T15:54:21.4404068Z       |                   ^~~~~~~~~~~~~~~~
2025-12-27T15:54:21.4404647Z include/int128/../uint128/uint128_t.hpp:590:26: error: constexpr function never produces a constant expression [-Winvalid-constexpr]
2025-12-27T15:54:21.4405320Z   590 |     constexpr uint128_t& operator-=(const uint128_t& other) noexcept
2025-12-27T15:54:21.4405677Z       |                          ^~~~~~~~~~
2025-12-27T15:54:21.4406121Z include/int128/../uint128/uint128_t.hpp:614:19: note: subexpression not valid in a constant expression
2025-12-27T15:54:21.4406654Z   614 |         data[0] = __builtin_subcll(data[0], other.data[0], 0, &borrow);
2025-12-27T15:54:21.4406975Z       |                   ^~~~~~~~~~~~~~~~
2025-12-27T15:54:21.4407422Z tests/int128_format_extracted_tests.cpp:98:14: warning: unused variable 'zero' [-Wunused-variable]
2025-12-27T15:54:21.4407879Z    98 |     int128_t zero(0);
2025-12-27T15:54:21.4408096Z       |              ^~~~
2025-12-27T15:54:21.4408317Z 1 warning and 2 errors generated.
2025-12-27T15:54:21.4408566Z   ===================================
2025-12-27T15:54:21.4413802Z Compiling: int128_iostreams_extracted_tests...
2025-12-27T15:54:22.7170147Z   [FAIL] Failed
2025-12-27T15:54:22.7170884Z   === Error log (first 30 lines) ===
2025-12-27T15:54:22.7180520Z In file included from tests/int128_iostreams_extracted_tests.cpp:1:
2025-12-27T15:54:22.7181179Z In file included from include/int128/int128_iostreams.hpp:31:
2025-12-27T15:54:22.7181757Z In file included from include/int128/int128_format.hpp:30:
2025-12-27T15:54:22.7182289Z In file included from include/int128/int128_t.hpp:30:
2025-12-27T15:54:22.7183212Z include/int128/../uint128/uint128_t.hpp:521:26: error: constexpr function never produces a constant expression [-Winvalid-constexpr]
2025-12-27T15:54:22.7184199Z   521 |     constexpr uint128_t& operator+=(const uint128_t& other) noexcept
2025-12-27T15:54:22.7184728Z       |                          ^~~~~~~~~~
2025-12-27T15:54:22.7185244Z include/int128/../uint128/uint128_t.hpp:545:19: note: subexpression not valid in a constant expression
2025-12-27T15:54:22.7185761Z   545 |         data[0] = __builtin_addcll(data[0], other.data[0], 0, &carry);
2025-12-27T15:54:22.7186271Z       |                   ^~~~~~~~~~~~~~~~
2025-12-27T15:54:22.7186822Z include/int128/../uint128/uint128_t.hpp:590:26: error: constexpr function never produces a constant expression [-Winvalid-constexpr]
2025-12-27T15:54:22.7187463Z   590 |     constexpr uint128_t& operator-=(const uint128_t& other) noexcept
2025-12-27T15:54:22.7187797Z       |                          ^~~~~~~~~~
2025-12-27T15:54:22.7188218Z include/int128/../uint128/uint128_t.hpp:614:19: note: subexpression not valid in a constant expression
2025-12-27T15:54:22.7188716Z   614 |         data[0] = __builtin_subcll(data[0], other.data[0], 0, &borrow);
2025-12-27T15:54:22.7189026Z       |                   ^~~~~~~~~~~~~~~~
2025-12-27T15:54:22.7189252Z 2 errors generated.
2025-12-27T15:54:22.7189430Z   ===================================
2025-12-27T15:54:22.7195251Z Compiling: int128_limits_extracted_tests...
2025-12-27T15:54:23.9407767Z   [FAIL] Failed
2025-12-27T15:54:23.9408134Z   === Error log (first 30 lines) ===
2025-12-27T15:54:23.9418342Z In file included from tests/int128_limits_extracted_tests.cpp:6:
2025-12-27T15:54:23.9418987Z In file included from tests/../include/int128/int128_limits.hpp:30:
2025-12-27T15:54:23.9419388Z In file included from tests/../include/int128/int128_t.hpp:30:
2025-12-27T15:54:23.9420658Z tests/../include/int128/../uint128/uint128_t.hpp:521:26: error: constexpr function never produces a constant expression [-Winvalid-constexpr]
2025-12-27T15:54:23.9421329Z   521 |     constexpr uint128_t& operator+=(const uint128_t& other) noexcept
2025-12-27T15:54:23.9421663Z       |                          ^~~~~~~~~~
2025-12-27T15:54:23.9422118Z tests/../include/int128/../uint128/uint128_t.hpp:545:19: note: subexpression not valid in a constant expression
2025-12-27T15:54:23.9422634Z   545 |         data[0] = __builtin_addcll(data[0], other.data[0], 0, &carry);
2025-12-27T15:54:23.9422940Z       |                   ^~~~~~~~~~~~~~~~
2025-12-27T15:54:23.9423500Z tests/../include/int128/../uint128/uint128_t.hpp:590:26: error: constexpr function never produces a constant expression [-Winvalid-constexpr]
2025-12-27T15:54:23.9424176Z   590 |     constexpr uint128_t& operator-=(const uint128_t& other) noexcept
2025-12-27T15:54:23.9424513Z       |                          ^~~~~~~~~~
2025-12-27T15:54:23.9424957Z tests/../include/int128/../uint128/uint128_t.hpp:614:19: note: subexpression not valid in a constant expression
2025-12-27T15:54:23.9425486Z   614 |         data[0] = __builtin_subcll(data[0], other.data[0], 0, &borrow);
2025-12-27T15:54:23.9425806Z       |                   ^~~~~~~~~~~~~~~~
2025-12-27T15:54:23.9426244Z tests/int128_limits_extracted_tests.cpp:176:14: warning: unused variable 'min_val' [-Wunused-variable]
2025-12-27T15:54:23.9426983Z   176 |     int128_t min_val = std::numeric_limits<int128_t>::min();
2025-12-27T15:54:23.9427273Z       |              ^~~~~~~
2025-12-27T15:54:23.9427693Z tests/int128_limits_extracted_tests.cpp:193:14: warning: unused variable 'max_plus_one' [-Wunused-variable]
2025-12-27T15:54:23.9428425Z   193 |     int128_t max_plus_one = result + int128_t(1);
2025-12-27T15:54:23.9428699Z       |              ^~~~~~~~~~~~
2025-12-27T15:54:23.9429100Z tests/int128_limits_extracted_tests.cpp:271:14: warning: unused variable 'min_val' [-Wunused-variable]
2025-12-27T15:54:23.9429601Z   271 |     int128_t min_val = std::numeric_limits<int128_t>::min();
2025-12-27T15:54:23.9430084Z       |              ^~~~~~~
2025-12-27T15:54:23.9430420Z 3 warnings and 2 errors generated.
2025-12-27T15:54:23.9430740Z   ===================================
2025-12-27T15:54:23.9435140Z Compiling: int128_numeric_extracted_tests...
2025-12-27T15:54:25.2304686Z   [FAIL] Failed
2025-12-27T15:54:25.2305069Z   === Error log (first 30 lines) ===
2025-12-27T15:54:25.2315435Z In file included from tests/int128_numeric_extracted_tests.cpp:5:
2025-12-27T15:54:25.2316011Z In file included from tests/../include/int128/int128_numeric.hpp:30:
2025-12-27T15:54:25.2316460Z In file included from tests/../include/int128/int128_t.hpp:30:
2025-12-27T15:54:25.2317599Z tests/../include/int128/../uint128/uint128_t.hpp:521:26: error: constexpr function never produces a constant expression [-Winvalid-constexpr]
2025-12-27T15:54:25.2318220Z   521 |     constexpr uint128_t& operator+=(const uint128_t& other) noexcept
2025-12-27T15:54:25.2318538Z       |                          ^~~~~~~~~~
2025-12-27T15:54:25.2318971Z tests/../include/int128/../uint128/uint128_t.hpp:545:19: note: subexpression not valid in a constant expression
2025-12-27T15:54:25.2319465Z   545 |         data[0] = __builtin_addcll(data[0], other.data[0], 0, &carry);
2025-12-27T15:54:25.2319753Z       |                   ^~~~~~~~~~~~~~~~
2025-12-27T15:54:25.2320452Z tests/../include/int128/../uint128/uint128_t.hpp:590:26: error: constexpr function never produces a constant expression [-Winvalid-constexpr]
2025-12-27T15:54:25.2321048Z   590 |     constexpr uint128_t& operator-=(const uint128_t& other) noexcept
2025-12-27T15:54:25.2321347Z       |                          ^~~~~~~~~~
2025-12-27T15:54:25.2321767Z tests/../include/int128/../uint128/uint128_t.hpp:614:19: note: subexpression not valid in a constant expression
2025-12-27T15:54:25.2322242Z   614 |         data[0] = __builtin_subcll(data[0], other.data[0], 0, &borrow);
2025-12-27T15:54:25.2322514Z       |                   ^~~~~~~~~~~~~~~~
2025-12-27T15:54:25.2322730Z 2 errors generated.
2025-12-27T15:54:25.2322908Z   ===================================
2025-12-27T15:54:25.2329114Z Compiling: int128_ranges_extracted_tests...
2025-12-27T15:54:26.4751596Z   [FAIL] Failed
2025-12-27T15:54:26.4751954Z   === Error log (first 30 lines) ===
2025-12-27T15:54:26.4761874Z In file included from tests/int128_ranges_extracted_tests.cpp:1:
2025-12-27T15:54:26.4762505Z In file included from include/int128/int128_ranges.hpp:31:
2025-12-27T15:54:26.4763047Z In file included from include/int128/int128_t.hpp:30:
2025-12-27T15:54:26.4764001Z include/int128/../uint128/uint128_t.hpp:521:26: error: constexpr function never produces a constant expression [-Winvalid-constexpr]
2025-12-27T15:54:26.4765010Z   521 |     constexpr uint128_t& operator+=(const uint128_t& other) noexcept
2025-12-27T15:54:26.4765548Z       |                          ^~~~~~~~~~
2025-12-27T15:54:26.4766225Z include/int128/../uint128/uint128_t.hpp:545:19: note: subexpression not valid in a constant expression
2025-12-27T15:54:26.4766720Z   545 |         data[0] = __builtin_addcll(data[0], other.data[0], 0, &carry);
2025-12-27T15:54:26.4767036Z       |                   ^~~~~~~~~~~~~~~~
2025-12-27T15:54:26.4767547Z include/int128/../uint128/uint128_t.hpp:590:26: error: constexpr function never produces a constant expression [-Winvalid-constexpr]
2025-12-27T15:54:26.4768164Z   590 |     constexpr uint128_t& operator-=(const uint128_t& other) noexcept
2025-12-27T15:54:26.4768492Z       |                          ^~~~~~~~~~
2025-12-27T15:54:26.4768913Z include/int128/../uint128/uint128_t.hpp:614:19: note: subexpression not valid in a constant expression
2025-12-27T15:54:26.4769630Z   614 |         data[0] = __builtin_subcll(data[0], other.data[0], 0, &borrow);
2025-12-27T15:54:26.4770180Z       |                   ^~~~~~~~~~~~~~~~
2025-12-27T15:54:26.4770725Z tests/int128_ranges_extracted_tests.cpp:43:10: warning: unused variable 'sum' [-Wunused-variable]
2025-12-27T15:54:26.4771274Z    43 |     auto sum = std::accumulate(vec.begin(), vec.end(), int128_t(0));
2025-12-27T15:54:26.4771574Z       |          ^~~
2025-12-27T15:54:26.4771916Z tests/int128_ranges_extracted_tests.cpp:53:10: warning: unused variable 'sum' [-Wunused-variable]
2025-12-27T15:54:26.4772382Z    53 |     auto sum = std::accumulate(vec.begin(), vec.end(), int128_t(0));
2025-12-27T15:54:26.4772668Z       |          ^~~
2025-12-27T15:54:26.4773018Z tests/int128_ranges_extracted_tests.cpp:63:10: warning: unused variable 'product' [-Wunused-variable]
2025-12-27T15:54:26.4773507Z    63 |     auto product = std::accumulate(vec.begin(), vec.end(), int128_t(1),
2025-12-27T15:54:26.4773806Z       |          ^~~~~~~
2025-12-27T15:54:26.4774320Z tests/int128_ranges_extracted_tests.cpp:76:10: warning: unused variable 'result' [-Wunused-variable]
2025-12-27T15:54:26.4774837Z    76 |     auto result = std::inner_product(vec1.begin(), vec1.end(), vec2.begin(), int128_t(0));
2025-12-27T15:54:26.4775177Z       |          ^~~~~~
2025-12-27T15:54:26.4775521Z tests/int128_ranges_extracted_tests.cpp:117:10: warning: unused variable 'sum' [-Wunused-variable]
2025-12-27T15:54:26.4776335Z   117 |     auto sum = std::accumulate(empty.begin(), empty.end(), int128_t(0));
2025-12-27T15:54:26.4776855Z       |          ^~~
2025-12-27T15:54:26.4777136Z   ===================================
2025-12-27T15:54:26.4777536Z Compiling: int128_safe_extracted_tests...
2025-12-27T15:54:27.7523235Z   [FAIL] Failed
2025-12-27T15:54:27.7523611Z   === Error log (first 30 lines) ===
2025-12-27T15:54:27.7533673Z In file included from tests/int128_safe_extracted_tests.cpp:1:
2025-12-27T15:54:27.7534239Z In file included from include/int128/int128_safe.hpp:3:
2025-12-27T15:54:27.7534791Z In file included from include/int128/int128_t.hpp:30:
2025-12-27T15:54:27.7535702Z include/int128/../uint128/uint128_t.hpp:521:26: error: constexpr function never produces a constant expression [-Winvalid-constexpr]
2025-12-27T15:54:27.7536693Z   521 |     constexpr uint128_t& operator+=(const uint128_t& other) noexcept
2025-12-27T15:54:27.7537205Z       |                          ^~~~~~~~~~
2025-12-27T15:54:27.7537867Z include/int128/../uint128/uint128_t.hpp:545:19: note: subexpression not valid in a constant expression
2025-12-27T15:54:27.7538416Z   545 |         data[0] = __builtin_addcll(data[0], other.data[0], 0, &carry);
2025-12-27T15:54:27.7538720Z       |                   ^~~~~~~~~~~~~~~~
2025-12-27T15:54:27.7539217Z include/int128/../uint128/uint128_t.hpp:590:26: error: constexpr function never produces a constant expression [-Winvalid-constexpr]
2025-12-27T15:54:27.7539782Z   590 |     constexpr uint128_t& operator-=(const uint128_t& other) noexcept
2025-12-27T15:54:27.7540350Z       |                          ^~~~~~~~~~
2025-12-27T15:54:27.7540759Z include/int128/../uint128/uint128_t.hpp:614:19: note: subexpression not valid in a constant expression
2025-12-27T15:54:27.7541226Z   614 |         data[0] = __builtin_subcll(data[0], other.data[0], 0, &borrow);
2025-12-27T15:54:27.7541521Z       |                   ^~~~~~~~~~~~~~~~
2025-12-27T15:54:27.7541907Z tests/int128_safe_extracted_tests.cpp:59:10: warning: unused variable 'result' [-Wunused-variable]
2025-12-27T15:54:27.7542406Z    59 |     auto result = int128_safe::safe_make_int128(42);
2025-12-27T15:54:27.7542653Z       |          ^~~~~~
2025-12-27T15:54:27.7543006Z tests/int128_safe_extracted_tests.cpp:62:10: warning: unused variable 'result_neg' [-Wunused-variable]
2025-12-27T15:54:27.7543595Z    62 |     auto result_neg = int128_safe::safe_make_int128(-100);
2025-12-27T15:54:27.7543858Z       |          ^~~~~~~~~~
2025-12-27T15:54:27.7544240Z tests/int128_safe_extracted_tests.cpp:164:10: warning: unused variable 'result' [-Wunused-variable]
2025-12-27T15:54:27.7544918Z   164 |     auto result = int128_safe::safe_add(a, b);
2025-12-27T15:54:27.7545170Z       |          ^~~~~~
2025-12-27T15:54:27.7545539Z tests/int128_safe_extracted_tests.cpp:168:10: warning: unused variable 'result_overflow' [-Wunused-variable]
2025-12-27T15:54:27.7546055Z   168 |     auto result_overflow = int128_safe::safe_add(max_val, int128_t(1));
2025-12-27T15:54:27.7546363Z       |          ^~~~~~~~~~~~~~~
2025-12-27T15:54:27.7546566Z 4 warnings and 2 errors generated.
2025-12-27T15:54:27.7546923Z   ===================================
2025-12-27T15:54:27.7549612Z Compiling: int128_t_extracted_tests...
2025-12-27T15:54:29.2235350Z   [FAIL] Failed
2025-12-27T15:54:29.2235722Z   === Error log (first 30 lines) ===
2025-12-27T15:54:29.2245722Z In file included from tests/int128_t_extracted_tests.cpp:6:
2025-12-27T15:54:29.2246288Z In file included from tests/../include/int128/int128_t.hpp:30:
2025-12-27T15:54:29.2247036Z tests/../include/int128/../uint128/uint128_t.hpp:521:26: error: constexpr function never produces a constant expression [-Winvalid-constexpr]
2025-12-27T15:54:29.2247925Z   521 |     constexpr uint128_t& operator+=(const uint128_t& other) noexcept
2025-12-27T15:54:29.2248356Z       |                          ^~~~~~~~~~
2025-12-27T15:54:29.2249059Z tests/../include/int128/../uint128/uint128_t.hpp:545:19: note: subexpression not valid in a constant expression
2025-12-27T15:54:29.2250076Z   545 |         data[0] = __builtin_addcll(data[0], other.data[0], 0, &carry);
2025-12-27T15:54:29.2250563Z       |                   ^~~~~~~~~~~~~~~~
2025-12-27T15:54:29.2251429Z tests/../include/int128/../uint128/uint128_t.hpp:590:26: error: constexpr function never produces a constant expression [-Winvalid-constexpr]
2025-12-27T15:54:29.2252464Z   590 |     constexpr uint128_t& operator-=(const uint128_t& other) noexcept
2025-12-27T15:54:29.2252791Z       |                          ^~~~~~~~~~
2025-12-27T15:54:29.2253210Z tests/../include/int128/../uint128/uint128_t.hpp:614:19: note: subexpression not valid in a constant expression
2025-12-27T15:54:29.2253698Z   614 |         data[0] = __builtin_subcll(data[0], other.data[0], 0, &borrow);
2025-12-27T15:54:29.2253982Z       |                   ^~~~~~~~~~~~~~~~
2025-12-27T15:54:29.2254194Z 2 errors generated.
2025-12-27T15:54:29.2254364Z   ===================================
2025-12-27T15:54:29.2261190Z Compiling: int128_thread_safety_extracted_tests...
2025-12-27T15:54:31.4193342Z   [FAIL] Failed
2025-12-27T15:54:31.4193712Z   === Error log (first 30 lines) ===
2025-12-27T15:54:31.4203815Z In file included from tests/int128_thread_safety_extracted_tests.cpp:6:
2025-12-27T15:54:31.4204627Z In file included from tests/../include/int128/int128_t.hpp:30:
2025-12-27T15:54:31.4205508Z tests/../include/int128/../uint128/uint128_t.hpp:521:26: error: constexpr function never produces a constant expression [-Winvalid-constexpr]
2025-12-27T15:54:31.4206437Z   521 |     constexpr uint128_t& operator+=(const uint128_t& other) noexcept
2025-12-27T15:54:31.4206951Z       |                          ^~~~~~~~~~
2025-12-27T15:54:31.4207570Z tests/../include/int128/../uint128/uint128_t.hpp:545:19: note: subexpression not valid in a constant expression
2025-12-27T15:54:31.4208166Z   545 |         data[0] = __builtin_addcll(data[0], other.data[0], 0, &carry);
2025-12-27T15:54:31.4208469Z       |                   ^~~~~~~~~~~~~~~~
2025-12-27T15:54:31.4209007Z tests/../include/int128/../uint128/uint128_t.hpp:590:26: error: constexpr function never produces a constant expression [-Winvalid-constexpr]
2025-12-27T15:54:31.4209608Z   590 |     constexpr uint128_t& operator-=(const uint128_t& other) noexcept
2025-12-27T15:54:31.4210171Z       |                          ^~~~~~~~~~
2025-12-27T15:54:31.4210863Z tests/../include/int128/../uint128/uint128_t.hpp:614:19: note: subexpression not valid in a constant expression
2025-12-27T15:54:31.4211586Z   614 |         data[0] = __builtin_subcll(data[0], other.data[0], 0, &borrow);
2025-12-27T15:54:31.4212120Z       |                   ^~~~~~~~~~~~~~~~
2025-12-27T15:54:31.4212557Z tests/int128_thread_safety_extracted_tests.cpp:299:14: warning: unused variable 'final_value' [-Wunused-variable]
2025-12-27T15:54:31.4213017Z   299 |     int128_t final_value = counter.get();
2025-12-27T15:54:31.4213261Z       |              ^~~~~~~~~~~
2025-12-27T15:54:31.4213667Z tests/int128_thread_safety_extracted_tests.cpp:336:14: warning: unused variable 'final_value' [-Wunused-variable]
2025-12-27T15:54:31.4214121Z   336 |     int128_t final_value = counter.get();
2025-12-27T15:54:31.4214349Z       |              ^~~~~~~~~~~
2025-12-27T15:54:31.4214739Z tests/int128_thread_safety_extracted_tests.cpp:451:18: warning: unused variable 'loaded' [-Wunused-variable]
2025-12-27T15:54:31.4215182Z   451 |         int128_t loaded = atomic_value.load();
2025-12-27T15:54:31.4215427Z       |                  ^~~~~~
2025-12-27T15:54:31.4215831Z tests/int128_thread_safety_extracted_tests.cpp:488:14: warning: unused variable 'final_value' [-Wunused-variable]
2025-12-27T15:54:31.4216453Z   488 |     int128_t final_value = atomic_counter.load();
2025-12-27T15:54:31.4216720Z       |              ^~~~~~~~~~~
2025-12-27T15:54:31.4216931Z 4 warnings and 2 errors generated.
2025-12-27T15:54:31.4217156Z   ===================================
2025-12-27T15:54:31.4219208Z Compiling: int128_traits_extracted_tests...
2025-12-27T15:54:32.7807725Z   [FAIL] Failed
2025-12-27T15:54:32.7808096Z   === Error log (first 30 lines) ===
2025-12-27T15:54:32.7818131Z In file included from tests/int128_traits_extracted_tests.cpp:10:
2025-12-27T15:54:32.7818790Z In file included from tests/../include/int128/int128_limits.hpp:30:
2025-12-27T15:54:32.7819204Z In file included from tests/../include/int128/int128_t.hpp:30:
2025-12-27T15:54:32.7820289Z tests/../include/int128/../uint128/uint128_t.hpp:521:26: error: constexpr function never produces a constant expression [-Winvalid-constexpr]
2025-12-27T15:54:32.7821006Z   521 |     constexpr uint128_t& operator+=(const uint128_t& other) noexcept
2025-12-27T15:54:32.7821370Z       |                          ^~~~~~~~~~
2025-12-27T15:54:32.7821825Z tests/../include/int128/../uint128/uint128_t.hpp:545:19: note: subexpression not valid in a constant expression
2025-12-27T15:54:32.7822367Z   545 |         data[0] = __builtin_addcll(data[0], other.data[0], 0, &carry);
2025-12-27T15:54:32.7822677Z       |                   ^~~~~~~~~~~~~~~~
2025-12-27T15:54:32.7823238Z tests/../include/int128/../uint128/uint128_t.hpp:590:26: error: constexpr function never produces a constant expression [-Winvalid-constexpr]
2025-12-27T15:54:32.7823895Z   590 |     constexpr uint128_t& operator-=(const uint128_t& other) noexcept
2025-12-27T15:54:32.7824245Z       |                          ^~~~~~~~~~
2025-12-27T15:54:32.7824687Z tests/../include/int128/../uint128/uint128_t.hpp:614:19: note: subexpression not valid in a constant expression
2025-12-27T15:54:32.7825211Z   614 |         data[0] = __builtin_subcll(data[0], other.data[0], 0, &borrow);
2025-12-27T15:54:32.7825523Z       |                   ^~~~~~~~~~~~~~~~
2025-12-27T15:54:32.7825955Z tests/int128_traits_extracted_tests.cpp:367:14: warning: unused variable 'min_val' [-Wunused-variable]
2025-12-27T15:54:32.7826563Z   367 |     int128_t min_val = limits::min();
2025-12-27T15:54:32.7826806Z       |              ^~~~~~~
2025-12-27T15:54:32.7827206Z tests/int128_traits_extracted_tests.cpp:368:14: warning: unused variable 'max_val' [-Wunused-variable]
2025-12-27T15:54:32.7827655Z   368 |     int128_t max_val = limits::max();
2025-12-27T15:54:32.7827897Z       |              ^~~~~~~
2025-12-27T15:54:32.7828104Z 2 warnings and 2 errors generated.
2025-12-27T15:54:32.7828333Z   ===================================
2025-12-27T15:54:32.7833191Z Compiling: uint128_algorithm_extracted_tests...
2025-12-27T15:54:34.3463074Z   [FAIL] Failed
2025-12-27T15:54:34.3463434Z   === Error log (first 30 lines) ===
2025-12-27T15:54:34.3473918Z In file included from tests/uint128_algorithm_extracted_tests.cpp:6:
2025-12-27T15:54:34.3474902Z In file included from tests/../include/uint128/uint128_algorithm.hpp:30:
2025-12-27T15:54:34.3475521Z In file included from tests/../include/uint128/uint128_cmath.hpp:3:
2025-12-27T15:54:34.3476375Z tests/../include/uint128/uint128_t.hpp:521:26: error: constexpr function never produces a constant expression [-Winvalid-constexpr]
2025-12-27T15:54:34.3477031Z   521 |     constexpr uint128_t& operator+=(const uint128_t& other) noexcept
2025-12-27T15:54:34.3477377Z       |                          ^~~~~~~~~~
2025-12-27T15:54:34.3477801Z tests/../include/uint128/uint128_t.hpp:545:19: note: subexpression not valid in a constant expression
2025-12-27T15:54:34.3478308Z   545 |         data[0] = __builtin_addcll(data[0], other.data[0], 0, &carry);
2025-12-27T15:54:34.3478621Z       |                   ^~~~~~~~~~~~~~~~
2025-12-27T15:54:34.3479152Z tests/../include/uint128/uint128_t.hpp:590:26: error: constexpr function never produces a constant expression [-Winvalid-constexpr]
2025-12-27T15:54:34.3480213Z   590 |     constexpr uint128_t& operator-=(const uint128_t& other) noexcept
2025-12-27T15:54:34.3480761Z       |                          ^~~~~~~~~~
2025-12-27T15:54:34.3481223Z tests/../include/uint128/uint128_t.hpp:614:19: note: subexpression not valid in a constant expression
2025-12-27T15:54:34.3481754Z   614 |         data[0] = __builtin_subcll(data[0], other.data[0], 0, &borrow);
2025-12-27T15:54:34.3482086Z       |                   ^~~~~~~~~~~~~~~~
2025-12-27T15:54:34.3482544Z tests/uint128_algorithm_extracted_tests.cpp:51:10: warning: unused variable 'it' [-Wunused-variable]
2025-12-27T15:54:34.3483054Z    51 |     auto it = find_if_uint128(vec.begin(), vec.end(),
2025-12-27T15:54:34.3483343Z       |          ^~
2025-12-27T15:54:34.3483737Z tests/uint128_algorithm_extracted_tests.cpp:57:10: warning: unused variable 'it2' [-Wunused-variable]
2025-12-27T15:54:34.3484319Z    57 |     auto it2 = find_if_uint128(vec.begin(), vec.end(), [](const uint128_t& x) {
2025-12-27T15:54:34.3484670Z       |          ^~~
2025-12-27T15:54:34.3485088Z tests/uint128_algorithm_extracted_tests.cpp:64:10: warning: unused variable 'it3' [-Wunused-variable]
2025-12-27T15:54:34.3485613Z    64 |     auto it3 = find_if_uint128(vec.begin(), vec.end(),
2025-12-27T15:54:34.3485904Z       |          ^~~
2025-12-27T15:54:34.3486364Z tests/uint128_algorithm_extracted_tests.cpp:136:10: warning: unused variable 'sum' [-Wunused-variable]
2025-12-27T15:54:34.3487066Z   136 |     auto sum = accumulate_uint128(vec.begin(), vec.end(), uint128_t(0), std::plus<uint128_t>());
2025-12-27T15:54:34.3487486Z       |          ^~~
2025-12-27T15:54:34.3487896Z tests/uint128_algorithm_extracted_tests.cpp:140:10: warning: unused variable 'sum2' [-Wunused-variable]
2025-12-27T15:54:34.3488854Z   140 |     auto sum2 = accumulate_uint128(vec.begin(), vec.end(), uint128_t(100), std::plus<uint128_t>());
2025-12-27T15:54:34.3489362Z       |          ^~~~
2025-12-27T15:54:34.3489558Z   ===================================
2025-12-27T15:54:34.3490009Z Compiling: uint128_bits_extracted_tests...
2025-12-27T15:54:35.7180766Z   [FAIL] Failed
2025-12-27T15:54:35.7181032Z   === Error log (first 30 lines) ===
2025-12-27T15:54:35.7191596Z In file included from tests/uint128_bits_extracted_tests.cpp:6:
2025-12-27T15:54:35.7192259Z In file included from include/uint128/uint128_bits.hpp:3:
2025-12-27T15:54:35.7193090Z include/uint128/uint128_t.hpp:521:26: error: constexpr function never produces a constant expression [-Winvalid-constexpr]
2025-12-27T15:54:35.7194057Z   521 |     constexpr uint128_t& operator+=(const uint128_t& other) noexcept
2025-12-27T15:54:35.7194591Z       |                          ^~~~~~~~~~
2025-12-27T15:54:35.7195228Z include/uint128/uint128_t.hpp:545:19: note: subexpression not valid in a constant expression
2025-12-27T15:54:35.7195976Z   545 |         data[0] = __builtin_addcll(data[0], other.data[0], 0, &carry);
2025-12-27T15:54:35.7196354Z       |                   ^~~~~~~~~~~~~~~~
2025-12-27T15:54:35.7197119Z include/uint128/uint128_t.hpp:590:26: error: constexpr function never produces a constant expression [-Winvalid-constexpr]
2025-12-27T15:54:35.7197727Z   590 |     constexpr uint128_t& operator-=(const uint128_t& other) noexcept
2025-12-27T15:54:35.7198049Z       |                          ^~~~~~~~~~
2025-12-27T15:54:35.7198436Z include/uint128/uint128_t.hpp:614:19: note: subexpression not valid in a constant expression
2025-12-27T15:54:35.7198889Z   614 |         data[0] = __builtin_subcll(data[0], other.data[0], 0, &borrow);
2025-12-27T15:54:35.7199172Z       |                   ^~~~~~~~~~~~~~~~
2025-12-27T15:54:35.7199388Z 2 errors generated.
2025-12-27T15:54:35.7199566Z   ===================================
2025-12-27T15:54:35.7205906Z Compiling: uint128_cmath_extracted_tests...
2025-12-27T15:54:37.2277923Z   [FAIL] Failed
2025-12-27T15:54:37.2278310Z   === Error log (first 30 lines) ===
2025-12-27T15:54:37.2288187Z In file included from tests/uint128_cmath_extracted_tests.cpp:14:
2025-12-27T15:54:37.2288883Z In file included from tests/../include/uint128/uint128_cmath.hpp:3:
2025-12-27T15:54:37.2290341Z tests/../include/uint128/uint128_t.hpp:521:26: error: constexpr function never produces a constant expression [-Winvalid-constexpr]
2025-12-27T15:54:37.2291344Z   521 |     constexpr uint128_t& operator+=(const uint128_t& other) noexcept
2025-12-27T15:54:37.2291896Z       |                          ^~~~~~~~~~
2025-12-27T15:54:37.2292546Z tests/../include/uint128/uint128_t.hpp:545:19: note: subexpression not valid in a constant expression
2025-12-27T15:54:37.2293043Z   545 |         data[0] = __builtin_addcll(data[0], other.data[0], 0, &carry);
2025-12-27T15:54:37.2293330Z       |                   ^~~~~~~~~~~~~~~~
2025-12-27T15:54:37.2293825Z tests/../include/uint128/uint128_t.hpp:590:26: error: constexpr function never produces a constant expression [-Winvalid-constexpr]
2025-12-27T15:54:37.2294427Z   590 |     constexpr uint128_t& operator-=(const uint128_t& other) noexcept
2025-12-27T15:54:37.2294737Z       |                          ^~~~~~~~~~
2025-12-27T15:54:37.2295156Z tests/../include/uint128/uint128_t.hpp:614:19: note: subexpression not valid in a constant expression
2025-12-27T15:54:37.2295627Z   614 |         data[0] = __builtin_subcll(data[0], other.data[0], 0, &borrow);
2025-12-27T15:54:37.2295927Z       |                   ^~~~~~~~~~~~~~~~
2025-12-27T15:54:37.2296421Z tests/uint128_cmath_extracted_tests.cpp:353:25: error: constexpr variable 'lcm_result' must be initialized by a constant expression
2025-12-27T15:54:37.2297077Z   353 |     constexpr uint128_t lcm_result = std::lcm(uint128_t(4), uint128_t(6));
2025-12-27T15:54:37.2297416Z       |                         ^            ~~~~~~~~~~~~~~~~~~~~~~~~~~~~~~~~~~~~
2025-12-27T15:54:37.2297832Z tests/../include/uint128/uint128_t.hpp:614:19: note: subexpression not valid in a constant expression
2025-12-27T15:54:37.2298296Z   614 |         data[0] = __builtin_subcll(data[0], other.data[0], 0, &borrow);
2025-12-27T15:54:37.2298582Z       |                   ^~~~~~~~~~~~~~~~
2025-12-27T15:54:37.2298985Z tests/../include/uint128/uint128_t.hpp:1338:9: note: in call to 'result.operator-=(uint128_t(0, 1))'
2025-12-27T15:54:37.2299399Z  1338 |         result -= other;
2025-12-27T15:54:37.2299602Z       |         ^~~~~~~~~~~~~~~
2025-12-27T15:54:37.2300237Z tests/../include/uint128/uint128_t.hpp:732:27: note: in call to '*this.operator-(uint128_t(0, 1))'
2025-12-27T15:54:37.2300682Z   732 |                ((*this & (*this - uint128_t(0, 1))) == uint128_t(0, 0));
2025-12-27T15:54:37.2300970Z       |                           ^~~~~~~~~~~~~~~~~~~~~~~
2025-12-27T15:54:37.2301338Z tests/../include/uint128/uint128_t.hpp:928:20: note: in call to 'divisor.is_power_of_2()'
2025-12-27T15:54:37.2301741Z   928 |         } else if (divisor.is_power_of_2()) {
2025-12-27T15:54:37.2302006Z       |                    ^~~~~~~~~~~~~~~~~~~~~~~
2025-12-27T15:54:37.2302577Z tests/../include/uint128/uint128_t.hpp:986:29: note: in call to 'this->divrem(gcd_val)'
2025-12-27T15:54:37.2303184Z   ===================================
2025-12-27T15:54:37.2303805Z Compiling: uint128_concepts_extracted_tests...
2025-12-27T15:54:38.5407730Z   [FAIL] Failed
2025-12-27T15:54:38.5408095Z   === Error log (first 30 lines) ===
2025-12-27T15:54:38.5418176Z In file included from tests/uint128_concepts_extracted_tests.cpp:6:
2025-12-27T15:54:38.5418860Z In file included from tests/../include/uint128/uint128_concepts.hpp:30:
2025-12-27T15:54:38.5419694Z tests/../include/uint128/uint128_t.hpp:521:26: error: constexpr function never produces a constant expression [-Winvalid-constexpr]
2025-12-27T15:54:38.5420781Z   521 |     constexpr uint128_t& operator+=(const uint128_t& other) noexcept
2025-12-27T15:54:38.5421102Z       |                          ^~~~~~~~~~
2025-12-27T15:54:38.5421534Z tests/../include/uint128/uint128_t.hpp:545:19: note: subexpression not valid in a constant expression
2025-12-27T15:54:38.5422011Z   545 |         data[0] = __builtin_addcll(data[0], other.data[0], 0, &carry);
2025-12-27T15:54:38.5422308Z       |                   ^~~~~~~~~~~~~~~~
2025-12-27T15:54:38.5423183Z tests/../include/uint128/uint128_t.hpp:590:26: error: constexpr function never produces a constant expression [-Winvalid-constexpr]
2025-12-27T15:54:38.5423777Z   590 |     constexpr uint128_t& operator-=(const uint128_t& other) noexcept
2025-12-27T15:54:38.5424096Z       |                          ^~~~~~~~~~
2025-12-27T15:54:38.5424485Z tests/../include/uint128/uint128_t.hpp:614:19: note: subexpression not valid in a constant expression
2025-12-27T15:54:38.5424960Z   614 |         data[0] = __builtin_subcll(data[0], other.data[0], 0, &borrow);
2025-12-27T15:54:38.5425269Z       |                   ^~~~~~~~~~~~~~~~
2025-12-27T15:54:38.5425491Z 2 errors generated.
2025-12-27T15:54:38.5425667Z   ===================================
2025-12-27T15:54:38.5432817Z Compiling: uint128_format_extracted_tests...
2025-12-27T15:54:39.7668110Z   [FAIL] Failed
2025-12-27T15:54:39.7668484Z   === Error log (first 30 lines) ===
2025-12-27T15:54:39.7678803Z In file included from tests/uint128_format_extracted_tests.cpp:1:
2025-12-27T15:54:39.7679463Z In file included from include/uint128/uint128_format.hpp:29:
2025-12-27T15:54:39.7680399Z include/uint128/uint128_t.hpp:521:26: error: constexpr function never produces a constant expression [-Winvalid-constexpr]
2025-12-27T15:54:39.7681305Z   521 |     constexpr uint128_t& operator+=(const uint128_t& other) noexcept
2025-12-27T15:54:39.7681649Z       |                          ^~~~~~~~~~
2025-12-27T15:54:39.7682063Z include/uint128/uint128_t.hpp:545:19: note: subexpression not valid in a constant expression
2025-12-27T15:54:39.7682540Z   545 |         data[0] = __builtin_addcll(data[0], other.data[0], 0, &carry);
2025-12-27T15:54:39.7682840Z       |                   ^~~~~~~~~~~~~~~~
2025-12-27T15:54:39.7683367Z include/uint128/uint128_t.hpp:590:26: error: constexpr function never produces a constant expression [-Winvalid-constexpr]
2025-12-27T15:54:39.7683990Z   590 |     constexpr uint128_t& operator-=(const uint128_t& other) noexcept
2025-12-27T15:54:39.7684329Z       |                          ^~~~~~~~~~
2025-12-27T15:54:39.7684729Z include/uint128/uint128_t.hpp:614:19: note: subexpression not valid in a constant expression
2025-12-27T15:54:39.7685197Z   614 |         data[0] = __builtin_subcll(data[0], other.data[0], 0, &borrow);
2025-12-27T15:54:39.7685505Z       |                   ^~~~~~~~~~~~~~~~
2025-12-27T15:54:39.7685928Z tests/uint128_format_extracted_tests.cpp:103:15: warning: unused variable 'zero' [-Wunused-variable]
2025-12-27T15:54:39.7686362Z   103 |     uint128_t zero(0, 0);
2025-12-27T15:54:39.7686585Z       |               ^~~~
2025-12-27T15:54:39.7686788Z 1 warning and 2 errors generated.
2025-12-27T15:54:39.7687019Z   ===================================
2025-12-27T15:54:39.7693187Z Compiling: uint128_interop_extracted_tests...
2025-12-27T15:54:41.2232342Z   [FAIL] Failed
2025-12-27T15:54:41.2232711Z   === Error log (first 30 lines) ===
2025-12-27T15:54:41.2242797Z In file included from tests/uint128_interop_extracted_tests.cpp:17:
2025-12-27T15:54:41.2243697Z In file included from include/int128/int128_numeric.hpp:30:
2025-12-27T15:54:41.2244129Z In file included from include/int128/int128_t.hpp:30:
2025-12-27T15:54:41.2245018Z include/int128/../uint128/uint128_t.hpp:521:26: error: constexpr function never produces a constant expression [-Winvalid-constexpr]
2025-12-27T15:54:41.2245665Z   521 |     constexpr uint128_t& operator+=(const uint128_t& other) noexcept
2025-12-27T15:54:41.2246006Z       |                          ^~~~~~~~~~
2025-12-27T15:54:41.2246446Z include/int128/../uint128/uint128_t.hpp:545:19: note: subexpression not valid in a constant expression
2025-12-27T15:54:41.2246947Z   545 |         data[0] = __builtin_addcll(data[0], other.data[0], 0, &carry);
2025-12-27T15:54:41.2247254Z       |                   ^~~~~~~~~~~~~~~~
2025-12-27T15:54:41.2247785Z include/int128/../uint128/uint128_t.hpp:590:26: error: constexpr function never produces a constant expression [-Winvalid-constexpr]
2025-12-27T15:54:41.2248569Z   590 |     constexpr uint128_t& operator-=(const uint128_t& other) noexcept
2025-12-27T15:54:41.2248895Z       |                          ^~~~~~~~~~
2025-12-27T15:54:41.2249343Z include/int128/../uint128/uint128_t.hpp:614:19: note: subexpression not valid in a constant expression
2025-12-27T15:54:41.2250156Z   614 |         data[0] = __builtin_subcll(data[0], other.data[0], 0, &borrow);
2025-12-27T15:54:41.2250662Z       |                   ^~~~~~~~~~~~~~~~
2025-12-27T15:54:41.2251106Z tests/uint128_interop_extracted_tests.cpp:430:15: warning: unused variable 'u2' [-Wunused-variable]
2025-12-27T15:54:41.2251568Z   430 |     uint128_t u2(48);
2025-12-27T15:54:41.2251784Z       |               ^~
2025-12-27T15:54:41.2252003Z 1 warning and 2 errors generated.
2025-12-27T15:54:41.2252235Z   ===================================
2025-12-27T15:54:41.2256958Z Compiling: uint128_iostreams_extracted_tests...
2025-12-27T15:54:42.4669650Z   [FAIL] Failed
2025-12-27T15:54:42.4670133Z   === Error log (first 30 lines) ===
2025-12-27T15:54:42.4680082Z In file included from tests/uint128_iostreams_extracted_tests.cpp:1:
2025-12-27T15:54:42.4680723Z In file included from include/uint128/uint128_iostreams.hpp:33:
2025-12-27T15:54:42.4681307Z include/uint128/uint128_t.hpp:521:26: error: constexpr function never produces a constant expression [-Winvalid-constexpr]
2025-12-27T15:54:42.4682244Z   521 |     constexpr uint128_t& operator+=(const uint128_t& other) noexcept
2025-12-27T15:54:42.4682599Z       |                          ^~~~~~~~~~
2025-12-27T15:54:42.4682983Z include/uint128/uint128_t.hpp:545:19: note: subexpression not valid in a constant expression
2025-12-27T15:54:42.4683427Z   545 |         data[0] = __builtin_addcll(data[0], other.data[0], 0, &carry);
2025-12-27T15:54:42.4683717Z       |                   ^~~~~~~~~~~~~~~~
2025-12-27T15:54:42.4684191Z include/uint128/uint128_t.hpp:590:26: error: constexpr function never produces a constant expression [-Winvalid-constexpr]
2025-12-27T15:54:42.4684764Z   590 |     constexpr uint128_t& operator-=(const uint128_t& other) noexcept
2025-12-27T15:54:42.4685079Z       |                          ^~~~~~~~~~
2025-12-27T15:54:42.4685438Z include/uint128/uint128_t.hpp:614:19: note: subexpression not valid in a constant expression
2025-12-27T15:54:42.4685869Z   614 |         data[0] = __builtin_subcll(data[0], other.data[0], 0, &borrow);
2025-12-27T15:54:42.4686166Z       |                   ^~~~~~~~~~~~~~~~
2025-12-27T15:54:42.4686381Z 2 errors generated.
2025-12-27T15:54:42.4686551Z   ===================================
2025-12-27T15:54:42.4694989Z Compiling: uint128_limits_extracted_tests...
2025-12-27T15:54:43.6542451Z   [FAIL] Failed
2025-12-27T15:54:43.6542828Z   === Error log (first 30 lines) ===
2025-12-27T15:54:43.6553149Z In file included from tests/uint128_limits_extracted_tests.cpp:6:
2025-12-27T15:54:43.6553815Z In file included from tests/../include/uint128/uint128_limits.hpp:30:
2025-12-27T15:54:43.6555127Z tests/../include/uint128/uint128_t.hpp:521:26: error: constexpr function never produces a constant expression [-Winvalid-constexpr]
2025-12-27T15:54:43.6556148Z   521 |     constexpr uint128_t& operator+=(const uint128_t& other) noexcept
2025-12-27T15:54:43.6556681Z       |                          ^~~~~~~~~~
2025-12-27T15:54:43.6557351Z tests/../include/uint128/uint128_t.hpp:545:19: note: subexpression not valid in a constant expression
2025-12-27T15:54:43.6557985Z   545 |         data[0] = __builtin_addcll(data[0], other.data[0], 0, &carry);
2025-12-27T15:54:43.6558310Z       |                   ^~~~~~~~~~~~~~~~
2025-12-27T15:54:43.6558858Z tests/../include/uint128/uint128_t.hpp:590:26: error: constexpr function never produces a constant expression [-Winvalid-constexpr]
2025-12-27T15:54:43.6559521Z   590 |     constexpr uint128_t& operator-=(const uint128_t& other) noexcept
2025-12-27T15:54:43.6560016Z       |                          ^~~~~~~~~~
2025-12-27T15:54:43.6560449Z tests/../include/uint128/uint128_t.hpp:614:19: note: subexpression not valid in a constant expression
2025-12-27T15:54:43.6561109Z   614 |         data[0] = __builtin_subcll(data[0], other.data[0], 0, &borrow);
2025-12-27T15:54:43.6561423Z       |                   ^~~~~~~~~~~~~~~~
2025-12-27T15:54:43.6561876Z tests/uint128_limits_extracted_tests.cpp:192:15: warning: unused variable 'max_plus_one' [-Wunused-variable]
2025-12-27T15:54:43.6562374Z   192 |     uint128_t max_plus_one = result + uint128_t(1);
2025-12-27T15:54:43.6562654Z       |               ^~~~~~~~~~~~
2025-12-27T15:54:43.6562876Z 1 warning and 2 errors generated.
2025-12-27T15:54:43.6563101Z   ===================================
2025-12-27T15:54:43.6567341Z Compiling: uint128_numeric_extracted_tests...
2025-12-27T15:54:44.9697617Z   [FAIL] Failed
2025-12-27T15:54:44.9697985Z   === Error log (first 30 lines) ===
2025-12-27T15:54:44.9707884Z In file included from tests/uint128_numeric_extracted_tests.cpp:1:
2025-12-27T15:54:44.9708583Z In file included from tests/../include/uint128/uint128_numeric.hpp:30:
2025-12-27T15:54:44.9709604Z tests/../include/uint128/uint128_t.hpp:521:26: error: constexpr function never produces a constant expression [-Winvalid-constexpr]
2025-12-27T15:54:44.9710816Z   521 |     constexpr uint128_t& operator+=(const uint128_t& other) noexcept
2025-12-27T15:54:44.9711337Z       |                          ^~~~~~~~~~
2025-12-27T15:54:44.9712014Z tests/../include/uint128/uint128_t.hpp:545:19: note: subexpression not valid in a constant expression
2025-12-27T15:54:44.9712539Z   545 |         data[0] = __builtin_addcll(data[0], other.data[0], 0, &carry);
2025-12-27T15:54:44.9712834Z       |                   ^~~~~~~~~~~~~~~~
2025-12-27T15:54:44.9713350Z tests/../include/uint128/uint128_t.hpp:590:26: error: constexpr function never produces a constant expression [-Winvalid-constexpr]
2025-12-27T15:54:44.9713954Z   590 |     constexpr uint128_t& operator-=(const uint128_t& other) noexcept
2025-12-27T15:54:44.9714272Z       |                          ^~~~~~~~~~
2025-12-27T15:54:44.9714670Z tests/../include/uint128/uint128_t.hpp:614:19: note: subexpression not valid in a constant expression
2025-12-27T15:54:44.9715172Z   614 |         data[0] = __builtin_subcll(data[0], other.data[0], 0, &borrow);
2025-12-27T15:54:44.9715464Z       |                   ^~~~~~~~~~~~~~~~
2025-12-27T15:54:44.9715679Z 2 errors generated.
2025-12-27T15:54:44.9715857Z   ===================================
2025-12-27T15:54:44.9722596Z Compiling: uint128_ranges_extracted_tests...
2025-12-27T15:54:46.2077061Z   [FAIL] Failed
2025-12-27T15:54:46.2077434Z   === Error log (first 30 lines) ===
2025-12-27T15:54:46.2087561Z In file included from tests/uint128_ranges_extracted_tests.cpp:1:
2025-12-27T15:54:46.2088194Z In file included from include/uint128/uint128_ranges.hpp:30:
2025-12-27T15:54:46.2089119Z include/uint128/uint128_t.hpp:521:26: error: constexpr function never produces a constant expression [-Winvalid-constexpr]
2025-12-27T15:54:46.2090251Z   521 |     constexpr uint128_t& operator+=(const uint128_t& other) noexcept
2025-12-27T15:54:46.2091075Z       |                          ^~~~~~~~~~
2025-12-27T15:54:46.2091726Z include/uint128/uint128_t.hpp:545:19: note: subexpression not valid in a constant expression
2025-12-27T15:54:46.2092280Z   545 |         data[0] = __builtin_addcll(data[0], other.data[0], 0, &carry);
2025-12-27T15:54:46.2092573Z       |                   ^~~~~~~~~~~~~~~~
2025-12-27T15:54:46.2093061Z include/uint128/uint128_t.hpp:590:26: error: constexpr function never produces a constant expression [-Winvalid-constexpr]
2025-12-27T15:54:46.2093624Z   590 |     constexpr uint128_t& operator-=(const uint128_t& other) noexcept
2025-12-27T15:54:46.2093934Z       |                          ^~~~~~~~~~
2025-12-27T15:54:46.2094304Z include/uint128/uint128_t.hpp:614:19: note: subexpression not valid in a constant expression
2025-12-27T15:54:46.2094735Z   614 |         data[0] = __builtin_subcll(data[0], other.data[0], 0, &borrow);
2025-12-27T15:54:46.2095021Z       |                   ^~~~~~~~~~~~~~~~
2025-12-27T15:54:46.2095409Z tests/uint128_ranges_extracted_tests.cpp:30:10: warning: unused variable 'sum' [-Wunused-variable]
2025-12-27T15:54:46.2096075Z    30 |     auto sum = std::accumulate(vec.begin(), vec.end(), uint128_t(0, 0));
2025-12-27T15:54:46.2096391Z       |          ^~~
2025-12-27T15:54:46.2096743Z tests/uint128_ranges_extracted_tests.cpp:40:10: warning: unused variable 'product' [-Wunused-variable]
2025-12-27T15:54:46.2097255Z    40 |     auto product = std::accumulate(vec.begin(), vec.end(), uint128_t(0, 1),
2025-12-27T15:54:46.2097575Z       |          ^~~~~~~
2025-12-27T15:54:46.2097947Z tests/uint128_ranges_extracted_tests.cpp:53:10: warning: unused variable 'result' [-Wunused-variable]
2025-12-27T15:54:46.2098485Z    53 |     auto result = std::inner_product(vec1.begin(), vec1.end(), vec2.begin(), uint128_t(0, 0));
2025-12-27T15:54:46.2098828Z       |          ^~~~~~
2025-12-27T15:54:46.2099178Z tests/uint128_ranges_extracted_tests.cpp:96:10: warning: unused variable 'sum' [-Wunused-variable]
2025-12-27T15:54:46.2099661Z    96 |     auto sum = std::accumulate(empty.begin(), empty.end(), uint128_t(0, 0));
2025-12-27T15:54:46.2100200Z       |          ^~~
2025-12-27T15:54:46.2100555Z tests/uint128_ranges_extracted_tests.cpp:112:10: warning: unused variable 'sum' [-Wunused-variable]
2025-12-27T15:54:46.2101034Z   112 |     auto sum = std::accumulate(vec.begin(), vec.end(), uint128_t(0, 0));
2025-12-27T15:54:46.2101332Z       |          ^~~
2025-12-27T15:54:46.2101511Z 5 warnings and 2 errors generated.
2025-12-27T15:54:46.2101869Z   ===================================
2025-12-27T15:54:46.2102263Z Compiling: uint128_safe_extracted_tests...
2025-12-27T15:54:47.4654327Z   [FAIL] Failed
2025-12-27T15:54:47.4654709Z   === Error log (first 30 lines) ===
2025-12-27T15:54:47.4664977Z In file included from tests/uint128_safe_extracted_tests.cpp:1:
2025-12-27T15:54:47.4665572Z In file included from include/uint128/uint128_safe.hpp:3:
2025-12-27T15:54:47.4666461Z include/uint128/uint128_t.hpp:521:26: error: constexpr function never produces a constant expression [-Winvalid-constexpr]
2025-12-27T15:54:47.4667473Z   521 |     constexpr uint128_t& operator+=(const uint128_t& other) noexcept
2025-12-27T15:54:47.4668000Z       |                          ^~~~~~~~~~
2025-12-27T15:54:47.4668616Z include/uint128/uint128_t.hpp:545:19: note: subexpression not valid in a constant expression
2025-12-27T15:54:47.4669336Z   545 |         data[0] = __builtin_addcll(data[0], other.data[0], 0, &carry);
2025-12-27T15:54:47.4669632Z       |                   ^~~~~~~~~~~~~~~~
2025-12-27T15:54:47.4670398Z include/uint128/uint128_t.hpp:590:26: error: constexpr function never produces a constant expression [-Winvalid-constexpr]
2025-12-27T15:54:47.4671007Z   590 |     constexpr uint128_t& operator-=(const uint128_t& other) noexcept
2025-12-27T15:54:47.4671330Z       |                          ^~~~~~~~~~
2025-12-27T15:54:47.4671719Z include/uint128/uint128_t.hpp:614:19: note: subexpression not valid in a constant expression
2025-12-27T15:54:47.4672441Z   614 |         data[0] = __builtin_subcll(data[0], other.data[0], 0, &borrow);
2025-12-27T15:54:47.4672754Z       |                   ^~~~~~~~~~~~~~~~
2025-12-27T15:54:47.4673055Z In file included from tests/uint128_safe_extracted_tests.cpp:1:
2025-12-27T15:54:47.4673521Z include/uint128/uint128_safe.hpp:74:28: warning: unused variable 'max_val' [-Wunused-variable]
2025-12-27T15:54:47.4674031Z    74 |             constexpr auto max_val = std::numeric_limits<T>::max();
2025-12-27T15:54:47.4674319Z       |                            ^~~~~~~
2025-12-27T15:54:47.4674912Z tests/uint128_safe_extracted_tests.cpp:13:33: note: in instantiation of function template specialization 'uint128_safe::safe_cast<unsigned long>' requested here
2025-12-27T15:54:47.4675547Z    13 |     auto result = uint128_safe::safe_cast<uint64_t>(small);
2025-12-27T15:54:47.4675825Z       |                                 ^
2025-12-27T15:54:47.4676219Z tests/uint128_safe_extracted_tests.cpp:51:10: warning: unused variable 'result' [-Wunused-variable]
2025-12-27T15:54:47.4676917Z    51 |     auto result = uint128_safe::safe_make_uint128(42);
2025-12-27T15:54:47.4677178Z       |          ^~~~~~
2025-12-27T15:54:47.4677535Z tests/uint128_safe_extracted_tests.cpp:54:10: warning: unused variable 'result_neg' [-Wunused-variable]
2025-12-27T15:54:47.4677997Z    54 |     auto result_neg = uint128_safe::safe_make_uint128(-1);
2025-12-27T15:54:47.4678380Z       |          ^~~~~~~~~~
2025-12-27T15:54:47.4679014Z tests/uint128_safe_extracted_tests.cpp:140:10: warning: unused variable 'result' [-Wunused-variable]
2025-12-27T15:54:47.4679775Z   140 |     auto result = uint128_safe::safe_add(a, b);
2025-12-27T15:54:47.4680388Z       |          ^~~~~~
2025-12-27T15:54:47.4680693Z   ===================================
2025-12-27T15:54:47.4681099Z Compiling: uint128_t_extracted_tests...
2025-12-27T15:54:49.0524481Z   [FAIL] Failed
2025-12-27T15:54:49.0524862Z   === Error log (first 30 lines) ===
2025-12-27T15:54:49.0534914Z In file included from tests/uint128_t_extracted_tests.cpp:6:
2025-12-27T15:54:49.0535618Z In file included from tests/../include/uint128/uint128_iostreams.hpp:33:
2025-12-27T15:54:49.0536456Z tests/../include/uint128/uint128_t.hpp:521:26: error: constexpr function never produces a constant expression [-Winvalid-constexpr]
2025-12-27T15:54:49.0537362Z   521 |     constexpr uint128_t& operator+=(const uint128_t& other) noexcept
2025-12-27T15:54:49.0537742Z       |                          ^~~~~~~~~~
2025-12-27T15:54:49.0538206Z tests/../include/uint128/uint128_t.hpp:545:19: note: subexpression not valid in a constant expression
2025-12-27T15:54:49.0538746Z   545 |         data[0] = __builtin_addcll(data[0], other.data[0], 0, &carry);
2025-12-27T15:54:49.0539083Z       |                   ^~~~~~~~~~~~~~~~
2025-12-27T15:54:49.0539654Z tests/../include/uint128/uint128_t.hpp:590:26: error: constexpr function never produces a constant expression [-Winvalid-constexpr]
2025-12-27T15:54:49.0540755Z   590 |     constexpr uint128_t& operator-=(const uint128_t& other) noexcept
2025-12-27T15:54:49.0541118Z       |                          ^~~~~~~~~~
2025-12-27T15:54:49.0541584Z tests/../include/uint128/uint128_t.hpp:614:19: note: subexpression not valid in a constant expression
2025-12-27T15:54:49.0542146Z   614 |         data[0] = __builtin_subcll(data[0], other.data[0], 0, &borrow);
2025-12-27T15:54:49.0542482Z       |                   ^~~~~~~~~~~~~~~~
2025-12-27T15:54:49.0543006Z tests/uint128_t_extracted_tests.cpp:2976:25: error: constexpr variable 'sum' must be initialized by a constant expression
2025-12-27T15:54:49.0543565Z  2976 |     constexpr uint128_t sum = one + one;
2025-12-27T15:54:49.0543840Z       |                         ^     ~~~~~~~~~
2025-12-27T15:54:49.0544289Z tests/../include/uint128/uint128_t.hpp:545:19: note: subexpression not valid in a constant expression
2025-12-27T15:54:49.0544813Z   545 |         data[0] = __builtin_addcll(data[0], other.data[0], 0, &carry);
2025-12-27T15:54:49.0545132Z       |                   ^~~~~~~~~~~~~~~~
2025-12-27T15:54:49.0545799Z tests/../include/uint128/uint128_t.hpp:1323:9: note: in call to 'result.operator+=(one)'
2025-12-27T15:54:49.0546225Z  1323 |         result += other;
2025-12-27T15:54:49.0546455Z       |         ^~~~~~~~~~~~~~~
2025-12-27T15:54:49.0546792Z tests/uint128_t_extracted_tests.cpp:2976:31: note: in call to 'one.operator+(one)'
2025-12-27T15:54:49.0547160Z  2976 |     constexpr uint128_t sum = one + one;
2025-12-27T15:54:49.0547408Z       |                               ^~~~~~~~~
2025-12-27T15:54:49.0547853Z tests/uint128_t_extracted_tests.cpp:2977:19: error: static assertion expression is not an integral constant expression
2025-12-27T15:54:49.0548381Z  2977 |     static_assert(sum.low() == 2, "Constexpr addition failed");
2025-12-27T15:54:49.0548673Z       |                   ^~~~~~~~~~~~~~
2025-12-27T15:54:49.0549060Z tests/uint128_t_extracted_tests.cpp:2977:23: note: initializer of 'sum' is not a constant expression
2025-12-27T15:54:49.0549621Z   ===================================
2025-12-27T15:54:49.0550189Z Compiling: uint128_thread_safety_extracted_tests...
2025-12-27T15:54:51.1266232Z   [FAIL] Failed
2025-12-27T15:54:51.1266598Z   === Error log (first 30 lines) ===
2025-12-27T15:54:51.1276750Z In file included from tests/uint128_thread_safety_extracted_tests.cpp:6:
2025-12-27T15:54:51.1277691Z tests/../include/uint128/uint128_t.hpp:521:26: error: constexpr function never produces a constant expression [-Winvalid-constexpr]
2025-12-27T15:54:51.1278488Z   521 |     constexpr uint128_t& operator+=(const uint128_t& other) noexcept
2025-12-27T15:54:51.1279004Z       |                          ^~~~~~~~~~
2025-12-27T15:54:51.1279446Z tests/../include/uint128/uint128_t.hpp:545:19: note: subexpression not valid in a constant expression
2025-12-27T15:54:51.1280102Z   545 |         data[0] = __builtin_addcll(data[0], other.data[0], 0, &carry);
2025-12-27T15:54:51.1280397Z       |                   ^~~~~~~~~~~~~~~~
2025-12-27T15:54:51.1280901Z tests/../include/uint128/uint128_t.hpp:590:26: error: constexpr function never produces a constant expression [-Winvalid-constexpr]
2025-12-27T15:54:51.1281497Z   590 |     constexpr uint128_t& operator-=(const uint128_t& other) noexcept
2025-12-27T15:54:51.1281812Z       |                          ^~~~~~~~~~
2025-12-27T15:54:51.1282198Z tests/../include/uint128/uint128_t.hpp:614:19: note: subexpression not valid in a constant expression
2025-12-27T15:54:51.1282687Z   614 |         data[0] = __builtin_subcll(data[0], other.data[0], 0, &borrow);
2025-12-27T15:54:51.1282967Z       |                   ^~~~~~~~~~~~~~~~
2025-12-27T15:54:51.1283418Z tests/uint128_thread_safety_extracted_tests.cpp:230:15: warning: unused variable 'final_value' [-Wunused-variable]
2025-12-27T15:54:51.1283889Z   230 |     uint128_t final_value = counter.get();
2025-12-27T15:54:51.1284132Z       |               ^~~~~~~~~~~
2025-12-27T15:54:51.1284544Z tests/uint128_thread_safety_extracted_tests.cpp:323:19: warning: unused variable 'loaded' [-Wunused-variable]
2025-12-27T15:54:51.1285001Z   323 |         uint128_t loaded = atomic_value.load();
2025-12-27T15:54:51.1285257Z       |                   ^~~~~~
2025-12-27T15:54:51.1285464Z 2 warnings and 2 errors generated.
2025-12-27T15:54:51.1285687Z   ===================================
2025-12-27T15:54:51.1292561Z Compiling: uint128_traits_extracted_tests...
2025-12-27T15:54:52.4600112Z   [FAIL] Failed
2025-12-27T15:54:52.4600500Z   === Error log (first 30 lines) ===
2025-12-27T15:54:52.4612556Z In file included from tests/uint128_traits_extracted_tests.cpp:10:
2025-12-27T15:54:52.4615329Z In file included from tests/../include/uint128/uint128_limits.hpp:30:
2025-12-27T15:54:52.4616423Z tests/../include/uint128/uint128_t.hpp:521:26: error: constexpr function never produces a constant expression [-Winvalid-constexpr]
2025-12-27T15:54:52.4617510Z   521 |     constexpr uint128_t& operator+=(const uint128_t& other) noexcept
2025-12-27T15:54:52.4618102Z       |                          ^~~~~~~~~~
2025-12-27T15:54:52.4619126Z tests/../include/uint128/uint128_t.hpp:545:19: note: subexpression not valid in a constant expression
2025-12-27T15:54:52.4620159Z   545 |         data[0] = __builtin_addcll(data[0], other.data[0], 0, &carry);
2025-12-27T15:54:52.4620657Z       |                   ^~~~~~~~~~~~~~~~
2025-12-27T15:54:52.4621306Z tests/../include/uint128/uint128_t.hpp:590:26: error: constexpr function never produces a constant expression [-Winvalid-constexpr]
2025-12-27T15:54:52.4622000Z   590 |     constexpr uint128_t& operator-=(const uint128_t& other) noexcept
2025-12-27T15:54:52.4622366Z       |                          ^~~~~~~~~~
2025-12-27T15:54:52.4622820Z tests/../include/uint128/uint128_t.hpp:614:19: note: subexpression not valid in a constant expression
2025-12-27T15:54:52.4623364Z   614 |         data[0] = __builtin_subcll(data[0], other.data[0], 0, &borrow);
2025-12-27T15:54:52.4623693Z       |                   ^~~~~~~~~~~~~~~~
2025-12-27T15:54:52.4624165Z tests/uint128_traits_extracted_tests.cpp:352:15: warning: unused variable 'min_val' [-Wunused-variable]
2025-12-27T15:54:52.4624894Z   352 |     uint128_t min_val = limits::min();
2025-12-27T15:54:52.4625155Z       |               ^~~~~~~
2025-12-27T15:54:52.4625600Z tests/uint128_traits_extracted_tests.cpp:353:15: warning: unused variable 'max_val' [-Wunused-variable]
2025-12-27T15:54:52.4626204Z   353 |     uint128_t max_val = limits::max();
2025-12-27T15:54:52.4626469Z       |               ^~~~~~~
2025-12-27T15:54:52.4626695Z 2 warnings and 2 errors generated.
2025-12-27T15:54:52.4626952Z   ===================================
2025-12-27T15:54:52.4627118Z 
2025-12-27T15:54:52.4627193Z ================================
2025-12-27T15:54:52.4627415Z Build Summary
2025-12-27T15:54:52.4627600Z   Compiled: 0
2025-12-27T15:54:52.4627781Z   Failed: 27
2025-12-27T15:54:52.4627956Z ================================
2025-12-27T15:54:52.4628199Z [FAIL] Some tests failed to compile
2025-12-27T15:54:52.4638513Z ##[error]Process completed with exit code 1.
2025-12-27T15:54:52.4713351Z ##[group]Run actions/upload-artifact@v4
2025-12-27T15:54:52.4713632Z with:
2025-12-27T15:54:52.4713812Z   name: clang-18-release-binaries
2025-12-27T15:54:52.4714054Z   path: build/build_tests/clang/release/
2025-12-27T15:54:52.4714291Z   retention-days: 7
2025-12-27T15:54:52.4714469Z   if-no-files-found: warn
2025-12-27T15:54:52.4714671Z   compression-level: 6
2025-12-27T15:54:52.4714862Z   overwrite: false
2025-12-27T15:54:52.4715046Z   include-hidden-files: false
2025-12-27T15:54:52.4715246Z ##[endgroup]
2025-12-27T15:54:52.6877070Z With the provided path, there will be 27 files uploaded
2025-12-27T15:54:52.6882179Z Artifact name is valid!
2025-12-27T15:54:52.6883639Z Root directory input is valid!
2025-12-27T15:54:52.9637703Z Beginning upload of artifact content to blob storage
2025-12-27T15:54:53.3338947Z Uploaded bytes 16867
2025-12-27T15:54:53.4044426Z Finished uploading artifact content to blob storage!
2025-12-27T15:54:53.4048257Z SHA256 digest of uploaded artifact zip is 0e7af623bc755dfed92c9d034655a97d5984e925128572f4d5c75fb18dc09249
2025-12-27T15:54:53.4050212Z Finalizing artifact upload
2025-12-27T15:54:53.5432786Z Artifact clang-18-release-binaries.zip successfully finalized. Artifact ID 4975548363
2025-12-27T15:54:53.5433726Z Artifact clang-18-release-binaries has been successfully uploaded! Final size is 16867 bytes. Artifact ID is 4975548363
2025-12-27T15:54:53.5440387Z Artifact download URL: https://github.com/julian1c2a/int128/actions/runs/20541151355/artifacts/4975548363
2025-12-27T15:54:53.5596320Z Post job cleanup.
2025-12-27T15:54:53.6535767Z [command]/usr/bin/git version
2025-12-27T15:54:53.6571736Z git version 2.52.0
2025-12-27T15:54:53.6613834Z Temporarily overriding HOME='/home/runner/work/_temp/919584e1-4d1e-46d4-8e72-bdc9209aae94' before making global git config changes
2025-12-27T15:54:53.6614719Z Adding repository directory to the temporary git global config as a safe directory
2025-12-27T15:54:53.6619232Z [command]/usr/bin/git config --global --add safe.directory /home/runner/work/int128/int128
2025-12-27T15:54:53.6654852Z [command]/usr/bin/git config --local --name-only --get-regexp core\.sshCommand
2025-12-27T15:54:53.6686451Z [command]/usr/bin/git submodule foreach --recursive sh -c "git config --local --name-only --get-regexp 'core\.sshCommand' && git config --local --unset-all 'core.sshCommand' || :"
2025-12-27T15:54:53.6910143Z [command]/usr/bin/git config --local --name-only --get-regexp http\.https\:\/\/github\.com\/\.extraheader
2025-12-27T15:54:53.6930767Z http.https://github.com/.extraheader
2025-12-27T15:54:53.6943696Z [command]/usr/bin/git config --local --unset-all http.https://github.com/.extraheader
2025-12-27T15:54:53.6972845Z [command]/usr/bin/git submodule foreach --recursive sh -c "git config --local --name-only --get-regexp 'http\.https\:\/\/github\.com\/\.extraheader' && git config --local --unset-all 'http.https://github.com/.extraheader' || :"
2025-12-27T15:54:53.7201602Z [command]/usr/bin/git config --local --name-only --get-regexp ^includeIf\.gitdir:
2025-12-27T15:54:53.7238664Z [command]/usr/bin/git submodule foreach --recursive git config --local --show-origin --name-only --get-regexp remote.origin.url
2025-12-27T15:54:53.7612632Z Cleaning up orphan processes
